[2022-12-17T12:49:28.651+0000][0.027s] Using G1
[2022-12-17T12:49:28.707+0000][0.082s] Version: 17.0.5+8 (release)
[2022-12-17T12:49:28.707+0000][0.082s] CPUs: 12 total, 12 available
[2022-12-17T12:49:28.707+0000][0.082s] Memory: 15931M
[2022-12-17T12:49:28.707+0000][0.082s] Large Page Support: Disabled
[2022-12-17T12:49:28.707+0000][0.082s] NUMA Support: Disabled
[2022-12-17T12:49:28.707+0000][0.082s] Compressed Oops: Enabled (32-bit)
[2022-12-17T12:49:28.707+0000][0.082s] Heap Region Size: 1M
[2022-12-17T12:49:28.707+0000][0.082s] Heap Min Capacity: 512M
[2022-12-17T12:49:28.707+0000][0.082s] Heap Initial Capacity: 512M
[2022-12-17T12:49:28.707+0000][0.082s] Heap Max Capacity: 512M
[2022-12-17T12:49:28.707+0000][0.082s] Pre-touch: Enabled
[2022-12-17T12:49:28.707+0000][0.082s] Parallel Workers: 10
[2022-12-17T12:49:28.707+0000][0.082s] Concurrent Workers: 3
[2022-12-17T12:49:28.707+0000][0.082s] Concurrent Refinement Workers: 10
[2022-12-17T12:49:28.707+0000][0.082s] Periodic GC: Disabled
[2022-12-17T12:49:28.707+0000][0.083s] CDS archive(s) mapped at: [0x0000000800000000-0x0000000800a7b000-0x0000000800a7b000), size 10989568, SharedBaseAddress: 0x0000000800000000, ArchiveRelocationMode: 0.
[2022-12-17T12:49:28.707+0000][0.083s] Compressed class space mapped at: 0x0000000800c00000-0x0000000840c00000, reserved size: 1073741824
[2022-12-17T12:49:28.707+0000][0.083s] Narrow klass base: 0x0000000800000000, Narrow klass shift: 0, Narrow klass range: 0x100000000
[2022-12-17T12:49:29.339+0000][0.715s] GC(0) Pause Young (Normal) (G1 Evacuation Pause)
[2022-12-17T12:49:29.339+0000][0.715s] GC(0) Using 10 workers of 10 for evacuation
[2022-12-17T12:49:29.342+0000][0.718s] GC(0)   Pre Evacuate Collection Set: 0.1ms
[2022-12-17T12:49:29.342+0000][0.718s] GC(0)   Merge Heap Roots: 0.1ms
[2022-12-17T12:49:29.342+0000][0.718s] GC(0)   Evacuate Collection Set: 2.2ms
[2022-12-17T12:49:29.342+0000][0.718s] GC(0)   Post Evacuate Collection Set: 0.4ms
[2022-12-17T12:49:29.342+0000][0.718s] GC(0)   Other: 0.1ms
[2022-12-17T12:49:29.342+0000][0.718s] GC(0) Eden regions: 29->0(55)
[2022-12-17T12:49:29.342+0000][0.718s] GC(0) Survivor regions: 0->4(4)
[2022-12-17T12:49:29.342+0000][0.718s] GC(0) Old regions: 0->2
[2022-12-17T12:49:29.342+0000][0.718s] GC(0) Archive regions: 2->2
[2022-12-17T12:49:29.342+0000][0.718s] GC(0) Humongous regions: 4->4
[2022-12-17T12:49:29.342+0000][0.718s] GC(0) Metaspace: 9919K(10176K)->9919K(10176K) NonClass: 8703K(8832K)->8703K(8832K) Class: 1216K(1344K)->1216K(1344K)
[2022-12-17T12:49:29.342+0000][0.718s] GC(0) Pause Young (Normal) (G1 Evacuation Pause) 33M->10M(512M) 2.950ms
[2022-12-17T12:49:29.342+0000][0.718s] GC(0) User=0.02s Sys=0.01s Real=0.00s
[2022-12-17T12:49:29.787+0000][1.163s] GC(1) Pause Young (Normal) (G1 Evacuation Pause)
[2022-12-17T12:49:29.787+0000][1.163s] GC(1) Using 10 workers of 10 for evacuation
[2022-12-17T12:49:29.793+0000][1.168s] GC(1)   Pre Evacuate Collection Set: 0.1ms
[2022-12-17T12:49:29.793+0000][1.168s] GC(1)   Merge Heap Roots: 0.1ms
[2022-12-17T12:49:29.793+0000][1.168s] GC(1)   Evacuate Collection Set: 4.5ms
[2022-12-17T12:49:29.793+0000][1.168s] GC(1)   Post Evacuate Collection Set: 0.7ms
[2022-12-17T12:49:29.793+0000][1.168s] GC(1)   Other: 0.2ms
[2022-12-17T12:49:29.793+0000][1.168s] GC(1) Eden regions: 47->0(58)
[2022-12-17T12:49:29.793+0000][1.168s] GC(1) Survivor regions: 4->7(7)
[2022-12-17T12:49:29.793+0000][1.168s] GC(1) Old regions: 2->9
[2022-12-17T12:49:29.793+0000][1.168s] GC(1) Archive regions: 2->2
[2022-12-17T12:49:29.793+0000][1.168s] GC(1) Humongous regions: 4->4
[2022-12-17T12:49:29.793+0000][1.168s] GC(1) Metaspace: 15771K(16000K)->15771K(16000K) NonClass: 13846K(13952K)->13846K(13952K) Class: 1925K(2048K)->1925K(2048K)
[2022-12-17T12:49:29.793+0000][1.168s] GC(1) Pause Young (Normal) (G1 Evacuation Pause) 57M->20M(512M) 5.716ms
[2022-12-17T12:49:29.793+0000][1.168s] GC(1) User=0.05s Sys=0.00s Real=0.00s
[2022-12-17T12:49:30.124+0000][1.500s] GC(2) Pause Young (Normal) (G1 Evacuation Pause)
[2022-12-17T12:49:30.125+0000][1.500s] GC(2) Using 10 workers of 10 for evacuation
[2022-12-17T12:49:30.128+0000][1.504s] GC(2)   Pre Evacuate Collection Set: 0.1ms
[2022-12-17T12:49:30.128+0000][1.504s] GC(2)   Merge Heap Roots: 0.1ms
[2022-12-17T12:49:30.128+0000][1.504s] GC(2)   Evacuate Collection Set: 2.4ms
[2022-12-17T12:49:30.128+0000][1.504s] GC(2)   Post Evacuate Collection Set: 0.6ms
[2022-12-17T12:49:30.128+0000][1.504s] GC(2)   Other: 0.2ms
[2022-12-17T12:49:30.128+0000][1.504s] GC(2) Eden regions: 58->0(98)
[2022-12-17T12:49:30.128+0000][1.504s] GC(2) Survivor regions: 7->5(9)
[2022-12-17T12:49:30.128+0000][1.504s] GC(2) Old regions: 9->16
[2022-12-17T12:49:30.128+0000][1.504s] GC(2) Archive regions: 2->2
[2022-12-17T12:49:30.128+0000][1.504s] GC(2) Humongous regions: 5->4
[2022-12-17T12:49:30.128+0000][1.504s] GC(2) Metaspace: 20071K(20352K)->20071K(20352K) NonClass: 17585K(17728K)->17585K(17728K) Class: 2485K(2624K)->2485K(2624K)
[2022-12-17T12:49:30.128+0000][1.504s] GC(2) Pause Young (Normal) (G1 Evacuation Pause) 79M->24M(512M) 3.589ms
[2022-12-17T12:49:30.128+0000][1.504s] GC(2) User=0.03s Sys=0.00s Real=0.01s
[2022-12-17T12:49:30.196+0000][1.572s] GC(3) Pause Young (Concurrent Start) (Metadata GC Threshold)
[2022-12-17T12:49:30.196+0000][1.572s] GC(3) Using 10 workers of 10 for evacuation
[2022-12-17T12:49:30.199+0000][1.574s] GC(3)   Pre Evacuate Collection Set: 0.1ms
[2022-12-17T12:49:30.199+0000][1.574s] GC(3)   Merge Heap Roots: 0.1ms
[2022-12-17T12:49:30.199+0000][1.574s] GC(3)   Evacuate Collection Set: 1.6ms
[2022-12-17T12:49:30.199+0000][1.574s] GC(3)   Post Evacuate Collection Set: 0.5ms
[2022-12-17T12:49:30.199+0000][1.574s] GC(3)   Other: 0.3ms
[2022-12-17T12:49:30.199+0000][1.574s] GC(3) Eden regions: 11->0(152)
[2022-12-17T12:49:30.199+0000][1.574s] GC(3) Survivor regions: 5->4(13)
[2022-12-17T12:49:30.199+0000][1.574s] GC(3) Old regions: 16->16
[2022-12-17T12:49:30.199+0000][1.575s] GC(3) Archive regions: 2->2
[2022-12-17T12:49:30.199+0000][1.575s] GC(3) Humongous regions: 4->4
[2022-12-17T12:49:30.199+0000][1.575s] GC(3) Metaspace: 21280K(21504K)->21280K(21504K) NonClass: 18672K(18752K)->18672K(18752K) Class: 2607K(2752K)->2607K(2752K)
[2022-12-17T12:49:30.199+0000][1.575s] GC(3) Pause Young (Concurrent Start) (Metadata GC Threshold) 34M->24M(512M) 2.764ms
[2022-12-17T12:49:30.199+0000][1.575s] GC(3) User=0.01s Sys=0.01s Real=0.01s
[2022-12-17T12:49:30.199+0000][1.575s] GC(4) Concurrent Mark Cycle
[2022-12-17T12:49:30.199+0000][1.575s] GC(4) Concurrent Clear Claimed Marks
[2022-12-17T12:49:30.199+0000][1.575s] GC(4) Concurrent Clear Claimed Marks 0.022ms
[2022-12-17T12:49:30.199+0000][1.575s] GC(4) Concurrent Scan Root Regions
[2022-12-17T12:49:30.200+0000][1.576s] GC(4) Concurrent Scan Root Regions 1.301ms
[2022-12-17T12:49:30.200+0000][1.576s] GC(4) Concurrent Mark
[2022-12-17T12:49:30.200+0000][1.576s] GC(4) Concurrent Mark From Roots
[2022-12-17T12:49:30.200+0000][1.576s] GC(4) Using 3 workers of 3 for marking
[2022-12-17T12:49:30.224+0000][1.600s] GC(4) Concurrent Mark From Roots 23.523ms
[2022-12-17T12:49:30.224+0000][1.600s] GC(4) Concurrent Preclean
[2022-12-17T12:49:30.224+0000][1.600s] GC(4) Concurrent Preclean 0.120ms
[2022-12-17T12:49:30.224+0000][1.600s] GC(4) Pause Remark
[2022-12-17T12:49:30.226+0000][1.601s] GC(4) Pause Remark 29M->29M(512M) 1.578ms
[2022-12-17T12:49:30.226+0000][1.601s] GC(4) User=0.01s Sys=0.00s Real=0.00s
[2022-12-17T12:49:30.226+0000][1.602s] GC(4) Concurrent Mark 25.470ms
[2022-12-17T12:49:30.226+0000][1.602s] GC(4) Concurrent Rebuild Remembered Sets
[2022-12-17T12:49:30.237+0000][1.613s] GC(4) Concurrent Rebuild Remembered Sets 11.063ms
[2022-12-17T12:49:30.237+0000][1.613s] GC(4) Pause Cleanup
[2022-12-17T12:49:30.237+0000][1.613s] GC(4) Pause Cleanup 30M->30M(512M) 0.116ms
[2022-12-17T12:49:30.237+0000][1.613s] GC(4) User=0.01s Sys=0.00s Real=0.00s
[2022-12-17T12:49:30.237+0000][1.613s] GC(4) Concurrent Cleanup for Next Mark
[2022-12-17T12:49:30.238+0000][1.613s] GC(4) Concurrent Cleanup for Next Mark 0.530ms
[2022-12-17T12:49:30.238+0000][1.613s] GC(4) Concurrent Mark Cycle 38.750ms
[2022-12-17T12:49:31.463+0000][2.839s] GC(5) Pause Young (Concurrent Start) (Metadata GC Threshold)
[2022-12-17T12:49:31.463+0000][2.839s] GC(5) Using 10 workers of 10 for evacuation
[2022-12-17T12:49:31.469+0000][2.845s] GC(5)   Pre Evacuate Collection Set: 0.1ms
[2022-12-17T12:49:31.469+0000][2.845s] GC(5)   Merge Heap Roots: 0.1ms
[2022-12-17T12:49:31.469+0000][2.845s] GC(5)   Evacuate Collection Set: 4.6ms
[2022-12-17T12:49:31.469+0000][2.845s] GC(5)   Post Evacuate Collection Set: 0.6ms
[2022-12-17T12:49:31.469+0000][2.845s] GC(5)   Other: 0.2ms
[2022-12-17T12:49:31.469+0000][2.845s] GC(5) Eden regions: 149->0(296)
[2022-12-17T12:49:31.469+0000][2.845s] GC(5) Survivor regions: 4->11(20)
[2022-12-17T12:49:31.469+0000][2.845s] GC(5) Old regions: 16->16
[2022-12-17T12:49:31.469+0000][2.845s] GC(5) Archive regions: 2->2
[2022-12-17T12:49:31.469+0000][2.845s] GC(5) Humongous regions: 4->4
[2022-12-17T12:49:31.469+0000][2.845s] GC(5) Metaspace: 36898K(37248K)->36898K(37248K) NonClass: 32271K(32448K)->32271K(32448K) Class: 4626K(4800K)->4626K(4800K)
[2022-12-17T12:49:31.469+0000][2.845s] GC(5) Pause Young (Concurrent Start) (Metadata GC Threshold) 173M->30M(512M) 5.650ms
[2022-12-17T12:49:31.469+0000][2.845s] GC(5) User=0.04s Sys=0.01s Real=0.01s
[2022-12-17T12:49:31.469+0000][2.845s] GC(6) Concurrent Mark Cycle
[2022-12-17T12:49:31.469+0000][2.845s] GC(6) Concurrent Clear Claimed Marks
[2022-12-17T12:49:31.469+0000][2.845s] GC(6) Concurrent Clear Claimed Marks 0.046ms
[2022-12-17T12:49:31.469+0000][2.845s] GC(6) Concurrent Scan Root Regions
[2022-12-17T12:49:31.472+0000][2.848s] GC(6) Concurrent Scan Root Regions 3.301ms
[2022-12-17T12:49:31.472+0000][2.848s] GC(6) Concurrent Mark
[2022-12-17T12:49:31.472+0000][2.848s] GC(6) Concurrent Mark From Roots
[2022-12-17T12:49:31.473+0000][2.848s] GC(6) Using 3 workers of 3 for marking
[2022-12-17T12:49:31.483+0000][2.859s] GC(6) Concurrent Mark From Roots 10.815ms
[2022-12-17T12:49:31.483+0000][2.859s] GC(6) Concurrent Preclean
[2022-12-17T12:49:31.483+0000][2.859s] GC(6) Concurrent Preclean 0.117ms
[2022-12-17T12:49:31.484+0000][2.859s] GC(6) Pause Remark
[2022-12-17T12:49:31.486+0000][2.861s] GC(6) Pause Remark 33M->33M(512M) 1.812ms
[2022-12-17T12:49:31.486+0000][2.861s] GC(6) User=0.02s Sys=0.00s Real=0.00s
[2022-12-17T12:49:31.486+0000][2.861s] GC(6) Concurrent Mark 13.162ms
[2022-12-17T12:49:31.486+0000][2.861s] GC(6) Concurrent Rebuild Remembered Sets
[2022-12-17T12:49:31.490+0000][2.866s] GC(6) Concurrent Rebuild Remembered Sets 4.781ms
[2022-12-17T12:49:31.491+0000][2.866s] GC(6) Pause Cleanup
[2022-12-17T12:49:31.491+0000][2.866s] GC(6) Pause Cleanup 34M->34M(512M) 0.095ms
[2022-12-17T12:49:31.491+0000][2.866s] GC(6) User=0.01s Sys=0.00s Real=0.00s
[2022-12-17T12:49:31.491+0000][2.866s] GC(6) Concurrent Cleanup for Next Mark
[2022-12-17T12:49:31.491+0000][2.867s] GC(6) Concurrent Cleanup for Next Mark 0.511ms
[2022-12-17T12:49:31.491+0000][2.867s] GC(6) Concurrent Mark Cycle 22.206ms
[2022-12-17T12:51:00.530+0000][91.906s] Heap
[2022-12-17T12:51:00.530+0000][91.906s]  garbage-first heap   total 524288K, used 125749K [0x00000000e0000000, 0x0000000100000000)
[2022-12-17T12:51:00.530+0000][91.906s]   region size 1024K, 103 young (105472K), 11 survivors (11264K)
[2022-12-17T12:51:00.530+0000][91.906s]  Metaspace       used 43372K, committed 43776K, reserved 1089536K
[2022-12-17T12:51:00.530+0000][91.906s]   class space    used 5464K, committed 5632K, reserved 1048576K
