[2022-12-15T23:01:57.218+0000][0.006s] Heap region size: 1M
[2022-12-15T23:01:57.230+0000][0.018s] Using G1
[2022-12-15T23:01:57.230+0000][0.018s] Heap address: 0x00000000e0000000, size: 512 MB, Compressed Oops mode: 32-bit
[2022-12-15T23:01:57.230+0000][0.018s] Mark closed archive regions in map: [0x00000000ffe00000, 0x00000000ffe65ff8]
[2022-12-15T23:01:57.231+0000][0.018s] Mark open archive regions in map: [0x00000000ffc00000, 0x00000000ffc41ff8]
[2022-12-15T23:01:57.818+0000][0.605s] GC(0) Pause Young (Normal) (G1 Evacuation Pause)
[2022-12-15T23:01:57.818+0000][0.606s] GC(0) Using 10 workers of 10 for evacuation
[2022-12-15T23:01:57.834+0000][0.622s] GC(0)   Pre Evacuate Collection Set: 0.0ms
[2022-12-15T23:01:57.834+0000][0.622s] GC(0)   Evacuate Collection Set: 14.9ms
[2022-12-15T23:01:57.834+0000][0.622s] GC(0)   Post Evacuate Collection Set: 1.0ms
[2022-12-15T23:01:57.834+0000][0.622s] GC(0)   Other: 0.8ms
[2022-12-15T23:01:57.834+0000][0.622s] GC(0) Eden regions: 30->0(303)
[2022-12-15T23:01:57.834+0000][0.622s] GC(0) Survivor regions: 0->4(4)
[2022-12-15T23:01:57.834+0000][0.622s] GC(0) Old regions: 2->2
[2022-12-15T23:01:57.834+0000][0.622s] GC(0) Humongous regions: 0->0
[2022-12-15T23:01:57.834+0000][0.622s] GC(0) Metaspace: 9024K(9600K)->9024K(9600K) NonClass: 7901K(8192K)->7901K(8192K) Class: 1123K(1408K)->1123K(1408K)
[2022-12-15T23:01:57.834+0000][0.622s] GC(0) Pause Young (Normal) (G1 Evacuation Pause) 30M->4M(512M) 16.782ms
[2022-12-15T23:01:57.834+0000][0.622s] GC(0) User=0.12s Sys=0.00s Real=0.02s
[2022-12-15T23:01:58.658+0000][1.446s] GC(1) Pause Young (Concurrent Start) (Metadata GC Threshold)
[2022-12-15T23:01:58.658+0000][1.446s] GC(1) Using 10 workers of 10 for evacuation
[2022-12-15T23:01:58.682+0000][1.469s] GC(1)   Pre Evacuate Collection Set: 0.1ms
[2022-12-15T23:01:58.682+0000][1.469s] GC(1)   Evacuate Collection Set: 21.9ms
[2022-12-15T23:01:58.682+0000][1.469s] GC(1)   Post Evacuate Collection Set: 0.7ms
[2022-12-15T23:01:58.682+0000][1.469s] GC(1)   Other: 0.4ms
[2022-12-15T23:01:58.682+0000][1.469s] GC(1) Eden regions: 87->0(81)
[2022-12-15T23:01:58.682+0000][1.469s] GC(1) Survivor regions: 4->20(39)
[2022-12-15T23:01:58.682+0000][1.469s] GC(1) Old regions: 2->2
[2022-12-15T23:01:58.682+0000][1.469s] GC(1) Humongous regions: 4->4
[2022-12-15T23:01:58.682+0000][1.469s] GC(1) Metaspace: 20356K(21248K)->20356K(21248K) NonClass: 17929K(18432K)->17929K(18432K) Class: 2426K(2816K)->2426K(2816K)
[2022-12-15T23:01:58.682+0000][1.469s] GC(1) Pause Young (Concurrent Start) (Metadata GC Threshold) 94M->24M(512M) 23.204ms
[2022-12-15T23:01:58.682+0000][1.469s] GC(1) User=0.11s Sys=0.01s Real=0.02s
[2022-12-15T23:01:58.682+0000][1.469s] GC(2) Concurrent Cycle
[2022-12-15T23:01:58.682+0000][1.469s] GC(2) Concurrent Clear Claimed Marks
[2022-12-15T23:01:58.682+0000][1.469s] GC(2) Concurrent Clear Claimed Marks 0.082ms
[2022-12-15T23:01:58.682+0000][1.469s] GC(2) Concurrent Scan Root Regions
[2022-12-15T23:01:58.688+0000][1.476s] GC(2) Concurrent Scan Root Regions 6.050ms
[2022-12-15T23:01:58.688+0000][1.476s] GC(2) Concurrent Mark (1.476s)
[2022-12-15T23:01:58.688+0000][1.476s] GC(2) Concurrent Mark From Roots
[2022-12-15T23:01:58.688+0000][1.476s] GC(2) Using 3 workers of 3 for marking
[2022-12-15T23:01:58.690+0000][1.478s] GC(2) Concurrent Mark From Roots 2.411ms
[2022-12-15T23:01:58.690+0000][1.478s] GC(2) Concurrent Preclean
[2022-12-15T23:01:58.690+0000][1.478s] GC(2) Concurrent Preclean 0.072ms
[2022-12-15T23:01:58.690+0000][1.478s] GC(2) Concurrent Mark (1.476s, 1.478s) 2.510ms
[2022-12-15T23:01:58.691+0000][1.478s] GC(2) Pause Remark
[2022-12-15T23:01:58.692+0000][1.480s] GC(2) Cleaned string and symbol table, strings: 8886 processed, 0 removed, symbols: 60427 processed, 41 removed
[2022-12-15T23:01:58.692+0000][1.480s] GC(2) Pause Remark 24M->24M(512M) 1.685ms
[2022-12-15T23:01:58.692+0000][1.480s] GC(2) User=0.02s Sys=0.01s Real=0.00s
[2022-12-15T23:01:58.692+0000][1.480s] GC(2) Concurrent Rebuild Remembered Sets
[2022-12-15T23:01:58.694+0000][1.482s] GC(2) Concurrent Rebuild Remembered Sets 1.679ms
[2022-12-15T23:01:58.694+0000][1.482s] GC(2) Pause Cleanup
[2022-12-15T23:01:58.694+0000][1.482s] GC(2) Pause Cleanup 25M->25M(512M) 0.205ms
[2022-12-15T23:01:58.695+0000][1.482s] GC(2) User=0.00s Sys=0.00s Real=0.00s
[2022-12-15T23:01:58.695+0000][1.482s] GC(2) Concurrent Cleanup for Next Mark
[2022-12-15T23:01:58.695+0000][1.483s] GC(2) Concurrent Cleanup for Next Mark 0.403ms
[2022-12-15T23:01:58.695+0000][1.483s] GC(2) Concurrent Cycle 13.284ms
[2022-12-15T23:01:59.441+0000][2.229s] GC(3) Pause Young (Normal) (G1 Evacuation Pause)
[2022-12-15T23:01:59.441+0000][2.229s] GC(3) Using 10 workers of 10 for evacuation
[2022-12-15T23:01:59.454+0000][2.242s] GC(3)   Pre Evacuate Collection Set: 0.0ms
[2022-12-15T23:01:59.454+0000][2.242s] GC(3)   Evacuate Collection Set: 12.1ms
[2022-12-15T23:01:59.454+0000][2.242s] GC(3)   Post Evacuate Collection Set: 0.7ms
[2022-12-15T23:01:59.454+0000][2.242s] GC(3)   Other: 0.2ms
[2022-12-15T23:01:59.454+0000][2.242s] GC(3) Eden regions: 73->0(105)
[2022-12-15T23:01:59.454+0000][2.242s] GC(3) Survivor regions: 20->5(12)
[2022-12-15T23:01:59.454+0000][2.242s] GC(3) Old regions: 2->21
[2022-12-15T23:01:59.454+0000][2.242s] GC(3) Humongous regions: 4->4
[2022-12-15T23:01:59.454+0000][2.242s] GC(3) Metaspace: 29440K(30592K)->29440K(30592K) NonClass: 25907K(26624K)->25907K(26624K) Class: 3533K(3968K)->3533K(3968K)
[2022-12-15T23:01:59.454+0000][2.242s] GC(3) Pause Young (Normal) (G1 Evacuation Pause) 97M->28M(512M) 13.153ms
[2022-12-15T23:01:59.454+0000][2.242s] GC(3) User=0.11s Sys=0.03s Real=0.02s
[2022-12-15T23:03:03.943+0000][66.730s] GC(4) Pause Young (Concurrent Start) (Metadata GC Threshold)
[2022-12-15T23:03:03.943+0000][66.730s] GC(4) Using 10 workers of 10 for evacuation
[2022-12-15T23:03:03.948+0000][66.736s] GC(4)   Pre Evacuate Collection Set: 0.1ms
[2022-12-15T23:03:03.948+0000][66.736s] GC(4)   Evacuate Collection Set: 4.8ms
[2022-12-15T23:03:03.948+0000][66.736s] GC(4)   Post Evacuate Collection Set: 0.6ms
[2022-12-15T23:03:03.949+0000][66.736s] GC(4)   Other: 0.3ms
[2022-12-15T23:03:03.949+0000][66.736s] GC(4) Eden regions: 46->0(104)
[2022-12-15T23:03:03.949+0000][66.736s] GC(4) Survivor regions: 5->7(14)
[2022-12-15T23:03:03.949+0000][66.736s] GC(4) Old regions: 21->21
[2022-12-15T23:03:03.949+0000][66.736s] GC(4) Humongous regions: 4->4
[2022-12-15T23:03:03.949+0000][66.736s] GC(4) Metaspace: 34678K(35840K)->34678K(35840K) NonClass: 30492K(31232K)->30492K(31232K) Class: 4186K(4608K)->4186K(4608K)
[2022-12-15T23:03:03.949+0000][66.736s] GC(4) Pause Young (Concurrent Start) (Metadata GC Threshold) 73M->29M(512M) 5.981ms
[2022-12-15T23:03:03.949+0000][66.736s] GC(4) User=0.04s Sys=0.00s Real=0.01s
[2022-12-15T23:03:03.949+0000][66.736s] GC(5) Concurrent Cycle
[2022-12-15T23:03:03.949+0000][66.736s] GC(5) Concurrent Clear Claimed Marks
[2022-12-15T23:03:03.949+0000][66.736s] GC(5) Concurrent Clear Claimed Marks 0.038ms
[2022-12-15T23:03:03.949+0000][66.736s] GC(5) Concurrent Scan Root Regions
[2022-12-15T23:03:03.952+0000][66.739s] GC(5) Concurrent Scan Root Regions 2.998ms
[2022-12-15T23:03:03.952+0000][66.739s] GC(5) Concurrent Mark (66.739s)
[2022-12-15T23:03:03.952+0000][66.739s] GC(5) Concurrent Mark From Roots
[2022-12-15T23:03:03.952+0000][66.739s] GC(5) Using 3 workers of 3 for marking
[2022-12-15T23:03:03.969+0000][66.757s] GC(5) Concurrent Mark From Roots 17.112ms
[2022-12-15T23:03:03.969+0000][66.757s] GC(5) Concurrent Preclean
[2022-12-15T23:03:03.969+0000][66.757s] GC(5) Concurrent Preclean 0.148ms
[2022-12-15T23:03:03.969+0000][66.757s] GC(5) Concurrent Mark (66.739s, 66.757s) 17.322ms
[2022-12-15T23:03:03.969+0000][66.757s] GC(5) Pause Remark
[2022-12-15T23:03:03.972+0000][66.760s] GC(5) Cleaned string and symbol table, strings: 15594 processed, 26 removed, symbols: 99850 processed, 75 removed
[2022-12-15T23:03:03.972+0000][66.760s] GC(5) Pause Remark 29M->29M(512M) 3.099ms
[2022-12-15T23:03:03.972+0000][66.760s] GC(5) User=0.02s Sys=0.00s Real=0.00s
[2022-12-15T23:03:03.972+0000][66.760s] GC(5) Concurrent Rebuild Remembered Sets
[2022-12-15T23:03:03.980+0000][66.767s] GC(5) Concurrent Rebuild Remembered Sets 7.371ms
[2022-12-15T23:03:03.980+0000][66.768s] GC(5) Pause Cleanup
[2022-12-15T23:03:03.980+0000][66.768s] GC(5) Pause Cleanup 29M->29M(512M) 0.190ms
[2022-12-15T23:03:03.980+0000][66.768s] GC(5) User=0.00s Sys=0.00s Real=0.00s
[2022-12-15T23:03:03.980+0000][66.768s] GC(5) Concurrent Cleanup for Next Mark
[2022-12-15T23:03:03.981+0000][66.768s] GC(5) Concurrent Cleanup for Next Mark 0.406ms
[2022-12-15T23:03:03.981+0000][66.768s] GC(5) Concurrent Cycle 32.038ms
[2022-12-15T23:03:15.844+0000][78.631s] Heap
[2022-12-15T23:03:15.844+0000][78.631s]  garbage-first heap   total 524288K, used 45445K [0x00000000e0000000, 0x0000000100000000)
[2022-12-15T23:03:15.844+0000][78.631s]   region size 1024K, 24 young (24576K), 7 survivors (7168K)
[2022-12-15T23:03:15.844+0000][78.631s]  Metaspace       used 35645K, capacity 36639K, committed 36992K, reserved 1081344K
[2022-12-15T23:03:15.844+0000][78.631s]   class space    used 4279K, capacity 4689K, committed 4736K, reserved 1048576K
