[2022-12-15T23:05:12.052+0000][0.005s] Using G1
[2022-12-15T23:05:12.107+0000][0.059s] Version: 17.0.5+8 (release)
[2022-12-15T23:05:12.107+0000][0.059s] CPUs: 12 total, 12 available
[2022-12-15T23:05:12.107+0000][0.059s] Memory: 15931M
[2022-12-15T23:05:12.107+0000][0.060s] Large Page Support: Disabled
[2022-12-15T23:05:12.107+0000][0.060s] NUMA Support: Disabled
[2022-12-15T23:05:12.107+0000][0.060s] Compressed Oops: Enabled (32-bit)
[2022-12-15T23:05:12.107+0000][0.060s] Heap Region Size: 1M
[2022-12-15T23:05:12.107+0000][0.060s] Heap Min Capacity: 512M
[2022-12-15T23:05:12.107+0000][0.060s] Heap Initial Capacity: 512M
[2022-12-15T23:05:12.107+0000][0.060s] Heap Max Capacity: 512M
[2022-12-15T23:05:12.107+0000][0.060s] Pre-touch: Enabled
[2022-12-15T23:05:12.107+0000][0.060s] Parallel Workers: 10
[2022-12-15T23:05:12.107+0000][0.060s] Concurrent Workers: 3
[2022-12-15T23:05:12.107+0000][0.060s] Concurrent Refinement Workers: 10
[2022-12-15T23:05:12.107+0000][0.060s] Periodic GC: Disabled
[2022-12-15T23:05:12.107+0000][0.060s] CDS archive(s) mapped at: [0x0000000800000000-0x0000000800a7b000-0x0000000800a7b000), size 10989568, SharedBaseAddress: 0x0000000800000000, ArchiveRelocationMode: 0.
[2022-12-15T23:05:12.107+0000][0.060s] Compressed class space mapped at: 0x0000000800c00000-0x0000000840c00000, reserved size: 1073741824
[2022-12-15T23:05:12.107+0000][0.060s] Narrow klass base: 0x0000000800000000, Narrow klass shift: 0, Narrow klass range: 0x100000000
[2022-12-15T23:05:12.719+0000][0.672s] GC(0) Pause Young (Normal) (G1 Evacuation Pause)
[2022-12-15T23:05:12.719+0000][0.672s] GC(0) Using 10 workers of 10 for evacuation
[2022-12-15T23:05:12.722+0000][0.675s] GC(0)   Pre Evacuate Collection Set: 0.1ms
[2022-12-15T23:05:12.722+0000][0.675s] GC(0)   Merge Heap Roots: 0.0ms
[2022-12-15T23:05:12.722+0000][0.675s] GC(0)   Evacuate Collection Set: 2.7ms
[2022-12-15T23:05:12.722+0000][0.675s] GC(0)   Post Evacuate Collection Set: 0.4ms
[2022-12-15T23:05:12.722+0000][0.675s] GC(0)   Other: 0.2ms
[2022-12-15T23:05:12.722+0000][0.675s] GC(0) Eden regions: 29->0(58)
[2022-12-15T23:05:12.722+0000][0.675s] GC(0) Survivor regions: 0->4(4)
[2022-12-15T23:05:12.722+0000][0.675s] GC(0) Old regions: 0->1
[2022-12-15T23:05:12.722+0000][0.675s] GC(0) Archive regions: 2->2
[2022-12-15T23:05:12.722+0000][0.675s] GC(0) Humongous regions: 0->0
[2022-12-15T23:05:12.722+0000][0.675s] GC(0) Metaspace: 9811K(10048K)->9811K(10048K) NonClass: 8604K(8704K)->8604K(8704K) Class: 1206K(1344K)->1206K(1344K)
[2022-12-15T23:05:12.722+0000][0.675s] GC(0) Pause Young (Normal) (G1 Evacuation Pause) 29M->5M(512M) 3.505ms
[2022-12-15T23:05:12.722+0000][0.675s] GC(0) User=0.02s Sys=0.00s Real=0.00s
[2022-12-15T23:05:13.170+0000][1.122s] GC(1) Pause Young (Normal) (G1 Evacuation Pause)
[2022-12-15T23:05:13.170+0000][1.122s] GC(1) Using 10 workers of 10 for evacuation
[2022-12-15T23:05:13.175+0000][1.128s] GC(1)   Pre Evacuate Collection Set: 0.1ms
[2022-12-15T23:05:13.175+0000][1.128s] GC(1)   Merge Heap Roots: 0.1ms
[2022-12-15T23:05:13.175+0000][1.128s] GC(1)   Evacuate Collection Set: 4.6ms
[2022-12-15T23:05:13.175+0000][1.128s] GC(1)   Post Evacuate Collection Set: 0.9ms
[2022-12-15T23:05:13.175+0000][1.128s] GC(1)   Other: 0.1ms
[2022-12-15T23:05:13.175+0000][1.128s] GC(1) Eden regions: 55->0(65)
[2022-12-15T23:05:13.175+0000][1.128s] GC(1) Survivor regions: 4->8(8)
[2022-12-15T23:05:13.175+0000][1.128s] GC(1) Old regions: 1->8
[2022-12-15T23:05:13.175+0000][1.128s] GC(1) Archive regions: 2->2
[2022-12-15T23:05:13.175+0000][1.128s] GC(1) Humongous regions: 4->4
[2022-12-15T23:05:13.175+0000][1.128s] GC(1) Metaspace: 15663K(15936K)->15663K(15936K) NonClass: 13746K(13888K)->13746K(13888K) Class: 1917K(2048K)->1917K(2048K)
[2022-12-15T23:05:13.175+0000][1.128s] GC(1) Pause Young (Normal) (G1 Evacuation Pause) 64M->20M(512M) 5.845ms
[2022-12-15T23:05:13.175+0000][1.128s] GC(1) User=0.05s Sys=0.00s Real=0.01s
[2022-12-15T23:05:13.462+0000][1.415s] GC(2) Pause Young (Concurrent Start) (Metadata GC Threshold)
[2022-12-15T23:05:13.462+0000][1.415s] GC(2) Using 10 workers of 10 for evacuation
[2022-12-15T23:05:13.469+0000][1.422s] GC(2)   Pre Evacuate Collection Set: 0.1ms
[2022-12-15T23:05:13.469+0000][1.422s] GC(2)   Merge Heap Roots: 0.1ms
[2022-12-15T23:05:13.469+0000][1.422s] GC(2)   Evacuate Collection Set: 4.8ms
[2022-12-15T23:05:13.469+0000][1.422s] GC(2)   Post Evacuate Collection Set: 1.0ms
[2022-12-15T23:05:13.469+0000][1.422s] GC(2)   Other: 0.4ms
[2022-12-15T23:05:13.469+0000][1.422s] GC(2) Eden regions: 54->0(71)
[2022-12-15T23:05:13.469+0000][1.422s] GC(2) Survivor regions: 8->7(10)
[2022-12-15T23:05:13.469+0000][1.422s] GC(2) Old regions: 8->12
[2022-12-15T23:05:13.469+0000][1.422s] GC(2) Archive regions: 2->2
[2022-12-15T23:05:13.469+0000][1.422s] GC(2) Humongous regions: 4->4
[2022-12-15T23:05:13.469+0000][1.422s] GC(2) Metaspace: 21247K(21504K)->21247K(21504K) NonClass: 18729K(18816K)->18729K(18816K) Class: 2518K(2688K)->2518K(2688K)
[2022-12-15T23:05:13.469+0000][1.422s] GC(2) Pause Young (Concurrent Start) (Metadata GC Threshold) 74M->23M(512M) 6.562ms
[2022-12-15T23:05:13.469+0000][1.422s] GC(2) User=0.04s Sys=0.00s Real=0.01s
[2022-12-15T23:05:13.469+0000][1.422s] GC(3) Concurrent Mark Cycle
[2022-12-15T23:05:13.469+0000][1.422s] GC(3) Concurrent Clear Claimed Marks
[2022-12-15T23:05:13.469+0000][1.422s] GC(3) Concurrent Clear Claimed Marks 0.037ms
[2022-12-15T23:05:13.469+0000][1.422s] GC(3) Concurrent Scan Root Regions
[2022-12-15T23:05:13.473+0000][1.426s] GC(3) Concurrent Scan Root Regions 3.884ms
[2022-12-15T23:05:13.473+0000][1.426s] GC(3) Concurrent Mark
[2022-12-15T23:05:13.473+0000][1.426s] GC(3) Concurrent Mark From Roots
[2022-12-15T23:05:13.473+0000][1.426s] GC(3) Using 3 workers of 3 for marking
[2022-12-15T23:05:13.484+0000][1.436s] GC(3) Concurrent Mark From Roots 10.381ms
[2022-12-15T23:05:13.484+0000][1.436s] GC(3) Concurrent Preclean
[2022-12-15T23:05:13.484+0000][1.437s] GC(3) Concurrent Preclean 0.282ms
[2022-12-15T23:05:13.484+0000][1.437s] GC(3) Pause Remark
[2022-12-15T23:05:13.485+0000][1.438s] GC(3) Pause Remark 26M->26M(512M) 1.435ms
[2022-12-15T23:05:13.485+0000][1.438s] GC(3) User=0.00s Sys=0.00s Real=0.00s
[2022-12-15T23:05:13.485+0000][1.438s] GC(3) Concurrent Mark 12.305ms
[2022-12-15T23:05:13.485+0000][1.438s] GC(3) Concurrent Rebuild Remembered Sets
[2022-12-15T23:05:13.491+0000][1.444s] GC(3) Concurrent Rebuild Remembered Sets 5.373ms
[2022-12-15T23:05:13.491+0000][1.444s] GC(3) Pause Cleanup
[2022-12-15T23:05:13.491+0000][1.444s] GC(3) Pause Cleanup 26M->26M(512M) 0.168ms
[2022-12-15T23:05:13.491+0000][1.444s] GC(3) User=0.00s Sys=0.00s Real=0.00s
[2022-12-15T23:05:13.491+0000][1.444s] GC(3) Concurrent Cleanup for Next Mark
[2022-12-15T23:05:13.492+0000][1.445s] GC(3) Concurrent Cleanup for Next Mark 0.708ms
[2022-12-15T23:05:13.492+0000][1.445s] GC(3) Concurrent Mark Cycle 23.019ms
[2022-12-15T23:05:14.198+0000][2.151s] GC(4) Pause Young (Prepare Mixed) (G1 Evacuation Pause)
[2022-12-15T23:05:14.198+0000][2.151s] GC(4) Using 10 workers of 10 for evacuation
[2022-12-15T23:05:14.203+0000][2.155s] GC(4)   Pre Evacuate Collection Set: 0.1ms
[2022-12-15T23:05:14.203+0000][2.155s] GC(4)   Merge Heap Roots: 0.1ms
[2022-12-15T23:05:14.203+0000][2.155s] GC(4)   Evacuate Collection Set: 4.0ms
[2022-12-15T23:05:14.203+0000][2.155s] GC(4)   Post Evacuate Collection Set: 0.4ms
[2022-12-15T23:05:14.203+0000][2.155s] GC(4)   Other: 0.1ms
[2022-12-15T23:05:14.203+0000][2.155s] GC(4) Eden regions: 71->0(19)
[2022-12-15T23:05:14.203+0000][2.155s] GC(4) Survivor regions: 7->6(10)
[2022-12-15T23:05:14.203+0000][2.155s] GC(4) Old regions: 12->17
[2022-12-15T23:05:14.203+0000][2.155s] GC(4) Archive regions: 2->2
[2022-12-15T23:05:14.203+0000][2.155s] GC(4) Humongous regions: 4->4
[2022-12-15T23:05:14.203+0000][2.155s] GC(4) Metaspace: 28821K(29184K)->28821K(29184K) NonClass: 25294K(25472K)->25294K(25472K) Class: 3527K(3712K)->3527K(3712K)
[2022-12-15T23:05:14.203+0000][2.156s] GC(4) Pause Young (Prepare Mixed) (G1 Evacuation Pause) 94M->27M(512M) 4.806ms
[2022-12-15T23:05:14.203+0000][2.156s] GC(4) User=0.04s Sys=0.00s Real=0.00s
[2022-12-15T23:05:14.383+0000][2.335s] GC(5) Pause Young (Mixed) (G1 Evacuation Pause)
[2022-12-15T23:05:14.383+0000][2.335s] GC(5) Using 10 workers of 10 for evacuation
[2022-12-15T23:05:14.389+0000][2.341s] GC(5)   Pre Evacuate Collection Set: 0.1ms
[2022-12-15T23:05:14.389+0000][2.341s] GC(5)   Merge Heap Roots: 0.1ms
[2022-12-15T23:05:14.389+0000][2.341s] GC(5)   Evacuate Collection Set: 5.3ms
[2022-12-15T23:05:14.389+0000][2.341s] GC(5)   Post Evacuate Collection Set: 0.4ms
[2022-12-15T23:05:14.389+0000][2.341s] GC(5)   Other: 0.2ms
[2022-12-15T23:05:14.389+0000][2.341s] GC(5) Eden regions: 19->0(305)
[2022-12-15T23:05:14.389+0000][2.341s] GC(5) Survivor regions: 6->2(4)
[2022-12-15T23:05:14.389+0000][2.341s] GC(5) Old regions: 17->23
[2022-12-15T23:05:14.389+0000][2.341s] GC(5) Archive regions: 2->2
[2022-12-15T23:05:14.389+0000][2.341s] GC(5) Humongous regions: 4->4
[2022-12-15T23:05:14.389+0000][2.341s] GC(5) Metaspace: 31131K(31552K)->31131K(31552K) NonClass: 27298K(27520K)->27298K(27520K) Class: 3833K(4032K)->3833K(4032K)
[2022-12-15T23:05:14.389+0000][2.341s] GC(5) Pause Young (Mixed) (G1 Evacuation Pause) 46M->28M(512M) 6.084ms
[2022-12-15T23:05:14.389+0000][2.341s] GC(5) User=0.04s Sys=0.00s Real=0.01s
[2022-12-15T23:05:14.759+0000][2.712s] GC(6) Pause Young (Concurrent Start) (Metadata GC Threshold)
[2022-12-15T23:05:14.759+0000][2.712s] GC(6) Using 10 workers of 10 for evacuation
[2022-12-15T23:05:14.762+0000][2.715s] GC(6)   Pre Evacuate Collection Set: 0.1ms
[2022-12-15T23:05:14.762+0000][2.715s] GC(6)   Merge Heap Roots: 0.1ms
[2022-12-15T23:05:14.762+0000][2.715s] GC(6)   Evacuate Collection Set: 2.1ms
[2022-12-15T23:05:14.762+0000][2.715s] GC(6)   Post Evacuate Collection Set: 0.5ms
[2022-12-15T23:05:14.762+0000][2.715s] GC(6)   Other: 0.2ms
[2022-12-15T23:05:14.762+0000][2.715s] GC(6) Eden regions: 62->0(303)
[2022-12-15T23:05:14.762+0000][2.715s] GC(6) Survivor regions: 2->4(39)
[2022-12-15T23:05:14.762+0000][2.715s] GC(6) Old regions: 23->23
[2022-12-15T23:05:14.762+0000][2.715s] GC(6) Archive regions: 2->2
[2022-12-15T23:05:14.762+0000][2.715s] GC(6) Humongous regions: 5->4
[2022-12-15T23:05:14.762+0000][2.715s] GC(6) Metaspace: 36160K(36480K)->36160K(36480K) NonClass: 31597K(31744K)->31597K(31744K) Class: 4562K(4736K)->4562K(4736K)
[2022-12-15T23:05:14.762+0000][2.715s] GC(6) Pause Young (Concurrent Start) (Metadata GC Threshold) 91M->30M(512M) 3.100ms
[2022-12-15T23:05:14.763+0000][2.715s] GC(6) User=0.03s Sys=0.00s Real=0.00s
[2022-12-15T23:05:14.763+0000][2.715s] GC(7) Concurrent Mark Cycle
[2022-12-15T23:05:14.763+0000][2.715s] GC(7) Concurrent Clear Claimed Marks
[2022-12-15T23:05:14.763+0000][2.716s] GC(7) Concurrent Clear Claimed Marks 0.035ms
[2022-12-15T23:05:14.763+0000][2.716s] GC(7) Concurrent Scan Root Regions
[2022-12-15T23:05:14.765+0000][2.718s] GC(7) Concurrent Scan Root Regions 1.978ms
[2022-12-15T23:05:14.765+0000][2.718s] GC(7) Concurrent Mark
[2022-12-15T23:05:14.765+0000][2.718s] GC(7) Concurrent Mark From Roots
[2022-12-15T23:05:14.765+0000][2.718s] GC(7) Using 3 workers of 3 for marking
[2022-12-15T23:05:14.788+0000][2.741s] GC(7) Concurrent Mark From Roots 23.344ms
[2022-12-15T23:05:14.788+0000][2.741s] GC(7) Concurrent Preclean
[2022-12-15T23:05:14.788+0000][2.741s] GC(7) Concurrent Preclean 0.278ms
[2022-12-15T23:05:14.788+0000][2.741s] GC(7) Pause Remark
[2022-12-15T23:05:14.791+0000][2.744s] GC(7) Pause Remark 35M->35M(512M) 2.334ms
[2022-12-15T23:05:14.791+0000][2.744s] GC(7) User=0.03s Sys=0.00s Real=0.00s
[2022-12-15T23:05:14.791+0000][2.744s] GC(7) Concurrent Mark 26.241ms
[2022-12-15T23:05:14.791+0000][2.744s] GC(7) Concurrent Rebuild Remembered Sets
[2022-12-15T23:05:14.800+0000][2.753s] GC(7) Concurrent Rebuild Remembered Sets 9.514ms
[2022-12-15T23:05:14.801+0000][2.754s] GC(7) Pause Cleanup
[2022-12-15T23:05:14.801+0000][2.754s] GC(7) Pause Cleanup 35M->35M(512M) 0.115ms
[2022-12-15T23:05:14.801+0000][2.754s] GC(7) User=0.00s Sys=0.00s Real=0.00s
[2022-12-15T23:05:14.801+0000][2.754s] GC(7) Concurrent Cleanup for Next Mark
[2022-12-15T23:05:14.801+0000][2.754s] GC(7) Concurrent Cleanup for Next Mark 0.483ms
[2022-12-15T23:05:14.801+0000][2.754s] GC(7) Concurrent Mark Cycle 38.795ms
[2022-12-15T23:05:21.518+0000][9.471s] Heap
[2022-12-15T23:05:21.518+0000][9.471s]  garbage-first heap   total 524288K, used 117532K [0x00000000e0000000, 0x0000000100000000)
[2022-12-15T23:05:21.518+0000][9.471s]   region size 1024K, 89 young (91136K), 4 survivors (4096K)
[2022-12-15T23:05:21.518+0000][9.471s]  Metaspace       used 41426K, committed 41792K, reserved 1089536K
[2022-12-15T23:05:21.518+0000][9.471s]   class space    used 5183K, committed 5376K, reserved 1048576K
