[2022-12-15T21:48:56.572+0000][0.004s] Using G1
[2022-12-15T21:48:56.625+0000][0.057s] Version: 17.0.5+8 (release)
[2022-12-15T21:48:56.625+0000][0.057s] CPUs: 12 total, 12 available
[2022-12-15T21:48:56.625+0000][0.057s] Memory: 15931M
[2022-12-15T21:48:56.625+0000][0.057s] Large Page Support: Disabled
[2022-12-15T21:48:56.625+0000][0.057s] NUMA Support: Disabled
[2022-12-15T21:48:56.625+0000][0.057s] Compressed Oops: Enabled (32-bit)
[2022-12-15T21:48:56.625+0000][0.057s] Heap Region Size: 1M
[2022-12-15T21:48:56.625+0000][0.057s] Heap Min Capacity: 512M
[2022-12-15T21:48:56.625+0000][0.057s] Heap Initial Capacity: 512M
[2022-12-15T21:48:56.625+0000][0.057s] Heap Max Capacity: 512M
[2022-12-15T21:48:56.625+0000][0.057s] Pre-touch: Enabled
[2022-12-15T21:48:56.625+0000][0.057s] Parallel Workers: 10
[2022-12-15T21:48:56.625+0000][0.057s] Concurrent Workers: 3
[2022-12-15T21:48:56.625+0000][0.057s] Concurrent Refinement Workers: 10
[2022-12-15T21:48:56.625+0000][0.057s] Periodic GC: Disabled
[2022-12-15T21:48:56.625+0000][0.057s] CDS archive(s) mapped at: [0x0000000800000000-0x0000000800a7b000-0x0000000800a7b000), size 10989568, SharedBaseAddress: 0x0000000800000000, ArchiveRelocationMode: 0.
[2022-12-15T21:48:56.625+0000][0.057s] Compressed class space mapped at: 0x0000000800c00000-0x0000000840c00000, reserved size: 1073741824
[2022-12-15T21:48:56.625+0000][0.057s] Narrow klass base: 0x0000000800000000, Narrow klass shift: 0, Narrow klass range: 0x100000000
[2022-12-15T21:48:57.270+0000][0.702s] GC(0) Pause Young (Normal) (G1 Evacuation Pause)
[2022-12-15T21:48:57.270+0000][0.702s] GC(0) Using 10 workers of 10 for evacuation
[2022-12-15T21:48:57.273+0000][0.706s] GC(0)   Pre Evacuate Collection Set: 0.1ms
[2022-12-15T21:48:57.273+0000][0.706s] GC(0)   Merge Heap Roots: 0.1ms
[2022-12-15T21:48:57.273+0000][0.706s] GC(0)   Evacuate Collection Set: 2.6ms
[2022-12-15T21:48:57.273+0000][0.706s] GC(0)   Post Evacuate Collection Set: 0.5ms
[2022-12-15T21:48:57.273+0000][0.706s] GC(0)   Other: 0.2ms
[2022-12-15T21:48:57.273+0000][0.706s] GC(0) Eden regions: 29->0(55)
[2022-12-15T21:48:57.273+0000][0.706s] GC(0) Survivor regions: 0->4(4)
[2022-12-15T21:48:57.273+0000][0.706s] GC(0) Old regions: 0->2
[2022-12-15T21:48:57.273+0000][0.706s] GC(0) Archive regions: 2->2
[2022-12-15T21:48:57.273+0000][0.706s] GC(0) Humongous regions: 4->4
[2022-12-15T21:48:57.273+0000][0.706s] GC(0) Metaspace: 9917K(10176K)->9917K(10176K) NonClass: 8701K(8832K)->8701K(8832K) Class: 1216K(1344K)->1216K(1344K)
[2022-12-15T21:48:57.273+0000][0.706s] GC(0) Pause Young (Normal) (G1 Evacuation Pause) 33M->10M(512M) 3.599ms
[2022-12-15T21:48:57.273+0000][0.706s] GC(0) User=0.02s Sys=0.01s Real=0.00s
[2022-12-15T21:48:57.693+0000][1.125s] GC(1) Pause Young (Normal) (G1 Evacuation Pause)
[2022-12-15T21:48:57.693+0000][1.125s] GC(1) Using 10 workers of 10 for evacuation
[2022-12-15T21:48:57.698+0000][1.130s] GC(1)   Pre Evacuate Collection Set: 0.1ms
[2022-12-15T21:48:57.698+0000][1.130s] GC(1)   Merge Heap Roots: 0.1ms
[2022-12-15T21:48:57.698+0000][1.130s] GC(1)   Evacuate Collection Set: 4.7ms
[2022-12-15T21:48:57.698+0000][1.130s] GC(1)   Post Evacuate Collection Set: 0.6ms
[2022-12-15T21:48:57.698+0000][1.130s] GC(1)   Other: 0.1ms
[2022-12-15T21:48:57.698+0000][1.130s] GC(1) Eden regions: 49->0(60)
[2022-12-15T21:48:57.698+0000][1.131s] GC(1) Survivor regions: 4->7(7)
[2022-12-15T21:48:57.698+0000][1.131s] GC(1) Old regions: 2->9
[2022-12-15T21:48:57.698+0000][1.131s] GC(1) Archive regions: 2->2
[2022-12-15T21:48:57.698+0000][1.131s] GC(1) Humongous regions: 4->4
[2022-12-15T21:48:57.698+0000][1.131s] GC(1) Metaspace: 15770K(16000K)->15770K(16000K) NonClass: 13845K(13952K)->13845K(13952K) Class: 1925K(2048K)->1925K(2048K)
[2022-12-15T21:48:57.698+0000][1.131s] GC(1) Pause Young (Normal) (G1 Evacuation Pause) 59M->20M(512M) 5.732ms
[2022-12-15T21:48:57.698+0000][1.131s] GC(1) User=0.07s Sys=0.00s Real=0.01s
[2022-12-15T21:48:58.043+0000][1.476s] GC(2) Pause Young (Normal) (G1 Evacuation Pause)
[2022-12-15T21:48:58.043+0000][1.476s] GC(2) Using 10 workers of 10 for evacuation
[2022-12-15T21:48:58.047+0000][1.480s] GC(2)   Pre Evacuate Collection Set: 0.1ms
[2022-12-15T21:48:58.047+0000][1.480s] GC(2)   Merge Heap Roots: 0.1ms
[2022-12-15T21:48:58.047+0000][1.480s] GC(2)   Evacuate Collection Set: 3.1ms
[2022-12-15T21:48:58.047+0000][1.480s] GC(2)   Post Evacuate Collection Set: 0.5ms
[2022-12-15T21:48:58.047+0000][1.480s] GC(2)   Other: 0.1ms
[2022-12-15T21:48:58.047+0000][1.480s] GC(2) Eden regions: 60->0(222)
[2022-12-15T21:48:58.047+0000][1.480s] GC(2) Survivor regions: 7->4(9)
[2022-12-15T21:48:58.047+0000][1.480s] GC(2) Old regions: 9->16
[2022-12-15T21:48:58.047+0000][1.480s] GC(2) Archive regions: 2->2
[2022-12-15T21:48:58.047+0000][1.480s] GC(2) Humongous regions: 5->4
[2022-12-15T21:48:58.047+0000][1.480s] GC(2) Metaspace: 20369K(20672K)->20369K(20672K) NonClass: 17843K(17984K)->17843K(17984K) Class: 2525K(2688K)->2525K(2688K)
[2022-12-15T21:48:58.047+0000][1.480s] GC(2) Pause Young (Normal) (G1 Evacuation Pause) 81M->24M(512M) 4.051ms
[2022-12-15T21:48:58.047+0000][1.480s] GC(2) User=0.03s Sys=0.00s Real=0.01s
[2022-12-15T21:48:58.088+0000][1.520s] GC(3) Pause Young (Concurrent Start) (Metadata GC Threshold)
[2022-12-15T21:48:58.088+0000][1.520s] GC(3) Using 10 workers of 10 for evacuation
[2022-12-15T21:48:58.089+0000][1.522s] GC(3)   Pre Evacuate Collection Set: 0.1ms
[2022-12-15T21:48:58.089+0000][1.522s] GC(3)   Merge Heap Roots: 0.0ms
[2022-12-15T21:48:58.089+0000][1.522s] GC(3)   Evacuate Collection Set: 1.1ms
[2022-12-15T21:48:58.089+0000][1.522s] GC(3)   Post Evacuate Collection Set: 0.3ms
[2022-12-15T21:48:58.089+0000][1.522s] GC(3)   Other: 0.2ms
[2022-12-15T21:48:58.089+0000][1.522s] GC(3) Eden regions: 7->0(303)
[2022-12-15T21:48:58.089+0000][1.522s] GC(3) Survivor regions: 4->4(29)
[2022-12-15T21:48:58.089+0000][1.522s] GC(3) Old regions: 16->16
[2022-12-15T21:48:58.089+0000][1.522s] GC(3) Archive regions: 2->2
[2022-12-15T21:48:58.089+0000][1.522s] GC(3) Humongous regions: 4->4
[2022-12-15T21:48:58.089+0000][1.522s] GC(3) Metaspace: 21258K(21504K)->21258K(21504K) NonClass: 18650K(18752K)->18650K(18752K) Class: 2608K(2752K)->2608K(2752K)
[2022-12-15T21:48:58.089+0000][1.522s] GC(3) Pause Young (Concurrent Start) (Metadata GC Threshold) 31M->24M(512M) 1.794ms
[2022-12-15T21:48:58.089+0000][1.522s] GC(3) User=0.01s Sys=0.01s Real=0.00s
[2022-12-15T21:48:58.089+0000][1.522s] GC(4) Concurrent Mark Cycle
[2022-12-15T21:48:58.089+0000][1.522s] GC(4) Concurrent Clear Claimed Marks
[2022-12-15T21:48:58.090+0000][1.522s] GC(4) Concurrent Clear Claimed Marks 0.024ms
[2022-12-15T21:48:58.090+0000][1.522s] GC(4) Concurrent Scan Root Regions
[2022-12-15T21:48:58.090+0000][1.523s] GC(4) Concurrent Scan Root Regions 0.862ms
[2022-12-15T21:48:58.090+0000][1.523s] GC(4) Concurrent Mark
[2022-12-15T21:48:58.090+0000][1.523s] GC(4) Concurrent Mark From Roots
[2022-12-15T21:48:58.090+0000][1.523s] GC(4) Using 3 workers of 3 for marking
[2022-12-15T21:48:58.101+0000][1.533s] GC(4) Concurrent Mark From Roots 10.185ms
[2022-12-15T21:48:58.101+0000][1.533s] GC(4) Concurrent Preclean
[2022-12-15T21:48:58.101+0000][1.533s] GC(4) Concurrent Preclean 0.154ms
[2022-12-15T21:48:58.101+0000][1.533s] GC(4) Pause Remark
[2022-12-15T21:48:58.103+0000][1.535s] GC(4) Pause Remark 27M->27M(512M) 1.544ms
[2022-12-15T21:48:58.103+0000][1.535s] GC(4) User=0.02s Sys=0.00s Real=0.00s
[2022-12-15T21:48:58.103+0000][1.535s] GC(4) Concurrent Mark 12.199ms
[2022-12-15T21:48:58.103+0000][1.535s] GC(4) Concurrent Rebuild Remembered Sets
[2022-12-15T21:48:58.107+0000][1.539s] GC(4) Concurrent Rebuild Remembered Sets 4.339ms
[2022-12-15T21:48:58.107+0000][1.539s] GC(4) Pause Cleanup
[2022-12-15T21:48:58.107+0000][1.540s] GC(4) Pause Cleanup 27M->27M(512M) 0.114ms
[2022-12-15T21:48:58.107+0000][1.540s] GC(4) User=0.00s Sys=0.00s Real=0.00s
[2022-12-15T21:48:58.107+0000][1.540s] GC(4) Concurrent Cleanup for Next Mark
[2022-12-15T21:48:58.108+0000][1.540s] GC(4) Concurrent Cleanup for Next Mark 0.406ms
[2022-12-15T21:48:58.108+0000][1.540s] GC(4) Concurrent Mark Cycle 18.361ms
[2022-12-15T21:48:59.428+0000][2.860s] GC(5) Pause Young (Prepare Mixed) (Metadata GC Threshold)
[2022-12-15T21:48:59.428+0000][2.860s] GC(5) Using 10 workers of 10 for evacuation
[2022-12-15T21:48:59.433+0000][2.865s] GC(5)   Pre Evacuate Collection Set: 0.1ms
[2022-12-15T21:48:59.433+0000][2.865s] GC(5)   Merge Heap Roots: 0.0ms
[2022-12-15T21:48:59.433+0000][2.865s] GC(5)   Evacuate Collection Set: 4.5ms
[2022-12-15T21:48:59.433+0000][2.865s] GC(5)   Post Evacuate Collection Set: 0.5ms
[2022-12-15T21:48:59.433+0000][2.865s] GC(5)   Other: 0.1ms
[2022-12-15T21:48:59.433+0000][2.865s] GC(5) Eden regions: 153->0(14)
[2022-12-15T21:48:59.433+0000][2.865s] GC(5) Survivor regions: 4->11(39)
[2022-12-15T21:48:59.433+0000][2.865s] GC(5) Old regions: 16->16
[2022-12-15T21:48:59.433+0000][2.865s] GC(5) Archive regions: 2->2
[2022-12-15T21:48:59.433+0000][2.865s] GC(5) Humongous regions: 4->4
[2022-12-15T21:48:59.433+0000][2.865s] GC(5) Metaspace: 36049K(36416K)->36049K(36416K) NonClass: 31607K(31744K)->31607K(31744K) Class: 4441K(4672K)->4441K(4672K)
[2022-12-15T21:48:59.433+0000][2.865s] GC(5) Pause Young (Prepare Mixed) (Metadata GC Threshold) 177M->30M(512M) 5.382ms
[2022-12-15T21:48:59.433+0000][2.865s] GC(5) User=0.05s Sys=0.00s Real=0.00s
[2022-12-15T21:48:59.455+0000][2.887s] GC(6) Pause Young (Mixed) (Metadata GC Threshold)
[2022-12-15T21:48:59.455+0000][2.887s] GC(6) Using 10 workers of 10 for evacuation
[2022-12-15T21:48:59.460+0000][2.892s] GC(6)   Pre Evacuate Collection Set: 0.1ms
[2022-12-15T21:48:59.460+0000][2.892s] GC(6)   Merge Heap Roots: 0.0ms
[2022-12-15T21:48:59.460+0000][2.892s] GC(6)   Evacuate Collection Set: 4.0ms
[2022-12-15T21:48:59.460+0000][2.892s] GC(6)   Post Evacuate Collection Set: 0.5ms
[2022-12-15T21:48:59.460+0000][2.892s] GC(6)   Other: 0.2ms
[2022-12-15T21:48:59.460+0000][2.892s] GC(6) Eden regions: 4->0(306)
[2022-12-15T21:48:59.460+0000][2.892s] GC(6) Survivor regions: 11->1(4)
[2022-12-15T21:48:59.460+0000][2.892s] GC(6) Old regions: 16->26
[2022-12-15T21:48:59.460+0000][2.892s] GC(6) Archive regions: 2->2
[2022-12-15T21:48:59.460+0000][2.892s] GC(6) Humongous regions: 4->4
[2022-12-15T21:48:59.460+0000][2.892s] GC(6) Metaspace: 36365K(36736K)->36365K(36736K) NonClass: 31866K(32064K)->31866K(32064K) Class: 4498K(4672K)->4498K(4672K)
[2022-12-15T21:48:59.460+0000][2.892s] GC(6) Pause Young (Mixed) (Metadata GC Threshold) 34M->31M(512M) 4.920ms
[2022-12-15T21:48:59.460+0000][2.892s] GC(6) User=0.03s Sys=0.01s Real=0.00s
[2022-12-15T21:48:59.483+0000][2.915s] GC(7) Pause Young (Concurrent Start) (Metadata GC Threshold)
[2022-12-15T21:48:59.483+0000][2.915s] GC(7) Using 10 workers of 10 for evacuation
[2022-12-15T21:48:59.484+0000][2.916s] GC(7)   Pre Evacuate Collection Set: 0.1ms
[2022-12-15T21:48:59.484+0000][2.916s] GC(7)   Merge Heap Roots: 0.1ms
[2022-12-15T21:48:59.484+0000][2.916s] GC(7)   Evacuate Collection Set: 0.6ms
[2022-12-15T21:48:59.484+0000][2.916s] GC(7)   Post Evacuate Collection Set: 0.3ms
[2022-12-15T21:48:59.484+0000][2.916s] GC(7)   Other: 0.2ms
[2022-12-15T21:48:59.484+0000][2.916s] GC(7) Eden regions: 6->0(306)
[2022-12-15T21:48:59.484+0000][2.916s] GC(7) Survivor regions: 1->1(39)
[2022-12-15T21:48:59.484+0000][2.916s] GC(7) Old regions: 26->26
[2022-12-15T21:48:59.484+0000][2.916s] GC(7) Archive regions: 2->2
[2022-12-15T21:48:59.484+0000][2.916s] GC(7) Humongous regions: 4->4
[2022-12-15T21:48:59.484+0000][2.916s] GC(7) Metaspace: 36666K(37056K)->36666K(37056K) NonClass: 32083K(32256K)->32083K(32256K) Class: 4582K(4800K)->4582K(4800K)
[2022-12-15T21:48:59.484+0000][2.916s] GC(7) Pause Young (Concurrent Start) (Metadata GC Threshold) 37M->30M(512M) 1.248ms
[2022-12-15T21:48:59.484+0000][2.916s] GC(7) User=0.00s Sys=0.00s Real=0.00s
[2022-12-15T21:48:59.484+0000][2.916s] GC(8) Concurrent Mark Cycle
[2022-12-15T21:48:59.484+0000][2.916s] GC(8) Concurrent Clear Claimed Marks
[2022-12-15T21:48:59.484+0000][2.916s] GC(8) Concurrent Clear Claimed Marks 0.031ms
[2022-12-15T21:48:59.484+0000][2.916s] GC(8) Concurrent Scan Root Regions
[2022-12-15T21:48:59.485+0000][2.917s] GC(8) Concurrent Scan Root Regions 0.834ms
[2022-12-15T21:48:59.485+0000][2.917s] GC(8) Concurrent Mark
[2022-12-15T21:48:59.485+0000][2.917s] GC(8) Concurrent Mark From Roots
[2022-12-15T21:48:59.485+0000][2.917s] GC(8) Using 3 workers of 3 for marking
[2022-12-15T21:48:59.504+0000][2.936s] GC(8) Concurrent Mark From Roots 19.384ms
[2022-12-15T21:48:59.504+0000][2.937s] GC(8) Concurrent Preclean
[2022-12-15T21:48:59.504+0000][2.937s] GC(8) Concurrent Preclean 0.157ms
[2022-12-15T21:48:59.505+0000][2.937s] GC(8) Pause Remark
[2022-12-15T21:48:59.506+0000][2.939s] GC(8) Pause Remark 35M->35M(512M) 1.872ms
[2022-12-15T21:48:59.506+0000][2.939s] GC(8) User=0.01s Sys=0.00s Real=0.01s
[2022-12-15T21:48:59.506+0000][2.939s] GC(8) Concurrent Mark 21.646ms
[2022-12-15T21:48:59.507+0000][2.939s] GC(8) Concurrent Rebuild Remembered Sets
[2022-12-15T21:48:59.516+0000][2.949s] GC(8) Concurrent Rebuild Remembered Sets 9.976ms
[2022-12-15T21:48:59.517+0000][2.949s] GC(8) Pause Cleanup
[2022-12-15T21:48:59.517+0000][2.949s] GC(8) Pause Cleanup 37M->37M(512M) 0.107ms
[2022-12-15T21:48:59.517+0000][2.949s] GC(8) User=0.00s Sys=0.00s Real=0.00s
[2022-12-15T21:48:59.517+0000][2.949s] GC(8) Concurrent Cleanup for Next Mark
[2022-12-15T21:48:59.518+0000][2.950s] GC(8) Concurrent Cleanup for Next Mark 0.522ms
[2022-12-15T21:48:59.518+0000][2.950s] GC(8) Concurrent Mark Cycle 33.881ms
[2022-12-15T23:00:01.977+0000][4265.410s] Heap
[2022-12-15T23:00:01.977+0000][4265.410s]  garbage-first heap   total 524288K, used 282411K [0x00000000e0000000, 0x0000000100000000)
[2022-12-15T23:00:01.977+0000][4265.410s]   region size 1024K, 246 young (251904K), 1 survivors (1024K)
[2022-12-15T23:00:01.977+0000][4265.410s]  Metaspace       used 47628K, committed 48064K, reserved 1097728K
[2022-12-15T23:00:01.977+0000][4265.410s]   class space    used 5886K, committed 6080K, reserved 1048576K
