[2022-12-15T23:05:50.782+0000][0.005s] Using G1
[2022-12-15T23:05:50.837+0000][0.060s] Version: 17.0.5+8 (release)
[2022-12-15T23:05:50.837+0000][0.060s] CPUs: 12 total, 12 available
[2022-12-15T23:05:50.837+0000][0.060s] Memory: 15931M
[2022-12-15T23:05:50.837+0000][0.060s] Large Page Support: Disabled
[2022-12-15T23:05:50.837+0000][0.060s] NUMA Support: Disabled
[2022-12-15T23:05:50.837+0000][0.060s] Compressed Oops: Enabled (32-bit)
[2022-12-15T23:05:50.837+0000][0.060s] Heap Region Size: 1M
[2022-12-15T23:05:50.837+0000][0.060s] Heap Min Capacity: 512M
[2022-12-15T23:05:50.837+0000][0.060s] Heap Initial Capacity: 512M
[2022-12-15T23:05:50.837+0000][0.060s] Heap Max Capacity: 512M
[2022-12-15T23:05:50.837+0000][0.060s] Pre-touch: Enabled
[2022-12-15T23:05:50.837+0000][0.060s] Parallel Workers: 10
[2022-12-15T23:05:50.837+0000][0.060s] Concurrent Workers: 3
[2022-12-15T23:05:50.837+0000][0.060s] Concurrent Refinement Workers: 10
[2022-12-15T23:05:50.837+0000][0.060s] Periodic GC: Disabled
[2022-12-15T23:05:50.837+0000][0.060s] CDS archive(s) mapped at: [0x0000000800000000-0x0000000800a7b000-0x0000000800a7b000), size 10989568, SharedBaseAddress: 0x0000000800000000, ArchiveRelocationMode: 0.
[2022-12-15T23:05:50.837+0000][0.060s] Compressed class space mapped at: 0x0000000800c00000-0x0000000840c00000, reserved size: 1073741824
[2022-12-15T23:05:50.837+0000][0.060s] Narrow klass base: 0x0000000800000000, Narrow klass shift: 0, Narrow klass range: 0x100000000
[2022-12-15T23:05:51.438+0000][0.661s] GC(0) Pause Young (Normal) (G1 Evacuation Pause)
[2022-12-15T23:05:51.438+0000][0.661s] GC(0) Using 10 workers of 10 for evacuation
[2022-12-15T23:05:51.441+0000][0.664s] GC(0)   Pre Evacuate Collection Set: 0.1ms
[2022-12-15T23:05:51.441+0000][0.664s] GC(0)   Merge Heap Roots: 0.1ms
[2022-12-15T23:05:51.441+0000][0.664s] GC(0)   Evacuate Collection Set: 1.9ms
[2022-12-15T23:05:51.441+0000][0.664s] GC(0)   Post Evacuate Collection Set: 0.5ms
[2022-12-15T23:05:51.441+0000][0.664s] GC(0)   Other: 0.2ms
[2022-12-15T23:05:51.441+0000][0.664s] GC(0) Eden regions: 29->0(58)
[2022-12-15T23:05:51.441+0000][0.664s] GC(0) Survivor regions: 0->4(4)
[2022-12-15T23:05:51.441+0000][0.664s] GC(0) Old regions: 0->1
[2022-12-15T23:05:51.441+0000][0.664s] GC(0) Archive regions: 2->2
[2022-12-15T23:05:51.441+0000][0.664s] GC(0) Humongous regions: 0->0
[2022-12-15T23:05:51.441+0000][0.664s] GC(0) Metaspace: 9851K(10112K)->9851K(10112K) NonClass: 8644K(8768K)->8644K(8768K) Class: 1206K(1344K)->1206K(1344K)
[2022-12-15T23:05:51.441+0000][0.664s] GC(0) Pause Young (Normal) (G1 Evacuation Pause) 29M->5M(512M) 2.904ms
[2022-12-15T23:05:51.441+0000][0.664s] GC(0) User=0.01s Sys=0.01s Real=0.00s
[2022-12-15T23:05:51.886+0000][1.110s] GC(1) Pause Young (Normal) (G1 Evacuation Pause)
[2022-12-15T23:05:51.887+0000][1.110s] GC(1) Using 10 workers of 10 for evacuation
[2022-12-15T23:05:51.893+0000][1.116s] GC(1)   Pre Evacuate Collection Set: 0.1ms
[2022-12-15T23:05:51.893+0000][1.116s] GC(1)   Merge Heap Roots: 0.1ms
[2022-12-15T23:05:51.893+0000][1.116s] GC(1)   Evacuate Collection Set: 5.6ms
[2022-12-15T23:05:51.893+0000][1.116s] GC(1)   Post Evacuate Collection Set: 0.7ms
[2022-12-15T23:05:51.893+0000][1.116s] GC(1)   Other: 0.2ms
[2022-12-15T23:05:51.893+0000][1.116s] GC(1) Eden regions: 55->0(65)
[2022-12-15T23:05:51.893+0000][1.116s] GC(1) Survivor regions: 4->8(8)
[2022-12-15T23:05:51.893+0000][1.116s] GC(1) Old regions: 1->9
[2022-12-15T23:05:51.893+0000][1.116s] GC(1) Archive regions: 2->2
[2022-12-15T23:05:51.893+0000][1.116s] GC(1) Humongous regions: 4->4
[2022-12-15T23:05:51.893+0000][1.116s] GC(1) Metaspace: 15701K(16000K)->15701K(16000K) NonClass: 13784K(13952K)->13784K(13952K) Class: 1917K(2048K)->1917K(2048K)
[2022-12-15T23:05:51.893+0000][1.116s] GC(1) Pause Young (Normal) (G1 Evacuation Pause) 64M->21M(512M) 6.661ms
[2022-12-15T23:05:51.893+0000][1.116s] GC(1) User=0.05s Sys=0.00s Real=0.00s
[2022-12-15T23:05:52.185+0000][1.408s] GC(2) Pause Young (Concurrent Start) (Metadata GC Threshold)
[2022-12-15T23:05:52.185+0000][1.408s] GC(2) Using 10 workers of 10 for evacuation
[2022-12-15T23:05:52.190+0000][1.413s] GC(2)   Pre Evacuate Collection Set: 0.1ms
[2022-12-15T23:05:52.190+0000][1.413s] GC(2)   Merge Heap Roots: 0.1ms
[2022-12-15T23:05:52.190+0000][1.413s] GC(2)   Evacuate Collection Set: 4.3ms
[2022-12-15T23:05:52.190+0000][1.413s] GC(2)   Post Evacuate Collection Set: 0.7ms
[2022-12-15T23:05:52.190+0000][1.413s] GC(2)   Other: 0.2ms
[2022-12-15T23:05:52.190+0000][1.413s] GC(2) Eden regions: 53->0(77)
[2022-12-15T23:05:52.190+0000][1.413s] GC(2) Survivor regions: 8->2(10)
[2022-12-15T23:05:52.190+0000][1.413s] GC(2) Old regions: 9->17
[2022-12-15T23:05:52.190+0000][1.413s] GC(2) Archive regions: 2->2
[2022-12-15T23:05:52.190+0000][1.413s] GC(2) Humongous regions: 4->4
[2022-12-15T23:05:52.190+0000][1.413s] GC(2) Metaspace: 21196K(21504K)->21196K(21504K) NonClass: 18682K(18816K)->18682K(18816K) Class: 2514K(2688K)->2514K(2688K)
[2022-12-15T23:05:52.190+0000][1.413s] GC(2) Pause Young (Concurrent Start) (Metadata GC Threshold) 74M->23M(512M) 5.413ms
[2022-12-15T23:05:52.190+0000][1.413s] GC(2) User=0.04s Sys=0.00s Real=0.01s
[2022-12-15T23:05:52.190+0000][1.413s] GC(3) Concurrent Mark Cycle
[2022-12-15T23:05:52.190+0000][1.413s] GC(3) Concurrent Clear Claimed Marks
[2022-12-15T23:05:52.190+0000][1.413s] GC(3) Concurrent Clear Claimed Marks 0.051ms
[2022-12-15T23:05:52.190+0000][1.413s] GC(3) Concurrent Scan Root Regions
[2022-12-15T23:05:52.193+0000][1.416s] GC(3) Concurrent Scan Root Regions 2.598ms
[2022-12-15T23:05:52.193+0000][1.416s] GC(3) Concurrent Mark
[2022-12-15T23:05:52.193+0000][1.416s] GC(3) Concurrent Mark From Roots
[2022-12-15T23:05:52.193+0000][1.416s] GC(3) Using 3 workers of 3 for marking
[2022-12-15T23:05:52.205+0000][1.428s] GC(3) Concurrent Mark From Roots 11.837ms
[2022-12-15T23:05:52.205+0000][1.428s] GC(3) Concurrent Preclean
[2022-12-15T23:05:52.205+0000][1.428s] GC(3) Concurrent Preclean 0.299ms
[2022-12-15T23:05:52.205+0000][1.428s] GC(3) Pause Remark
[2022-12-15T23:05:52.207+0000][1.430s] GC(3) Pause Remark 26M->26M(512M) 1.286ms
[2022-12-15T23:05:52.207+0000][1.430s] GC(3) User=0.02s Sys=0.00s Real=0.01s
[2022-12-15T23:05:52.207+0000][1.430s] GC(3) Concurrent Mark 13.761ms
[2022-12-15T23:05:52.207+0000][1.430s] GC(3) Concurrent Rebuild Remembered Sets
[2022-12-15T23:05:52.212+0000][1.435s] GC(3) Concurrent Rebuild Remembered Sets 5.444ms
[2022-12-15T23:05:52.212+0000][1.435s] GC(3) Pause Cleanup
[2022-12-15T23:05:52.212+0000][1.436s] GC(3) Pause Cleanup 27M->27M(512M) 0.120ms
[2022-12-15T23:05:52.212+0000][1.436s] GC(3) User=0.00s Sys=0.00s Real=0.00s
[2022-12-15T23:05:52.212+0000][1.436s] GC(3) Concurrent Cleanup for Next Mark
[2022-12-15T23:05:52.213+0000][1.436s] GC(3) Concurrent Cleanup for Next Mark 0.532ms
[2022-12-15T23:05:52.213+0000][1.436s] GC(3) Concurrent Mark Cycle 22.982ms
[2022-12-15T23:05:52.928+0000][2.152s] GC(4) Pause Young (Concurrent Start) (G1 Evacuation Pause)
[2022-12-15T23:05:52.928+0000][2.152s] GC(4) Using 10 workers of 10 for evacuation
[2022-12-15T23:05:52.933+0000][2.157s] GC(4)   Pre Evacuate Collection Set: 0.1ms
[2022-12-15T23:05:52.933+0000][2.157s] GC(4)   Merge Heap Roots: 0.1ms
[2022-12-15T23:05:52.933+0000][2.157s] GC(4)   Evacuate Collection Set: 4.2ms
[2022-12-15T23:05:52.933+0000][2.157s] GC(4)   Post Evacuate Collection Set: 0.5ms
[2022-12-15T23:05:52.933+0000][2.157s] GC(4)   Other: 0.2ms
[2022-12-15T23:05:52.933+0000][2.157s] GC(4) Eden regions: 77->0(301)
[2022-12-15T23:05:52.933+0000][2.157s] GC(4) Survivor regions: 2->6(10)
[2022-12-15T23:05:52.933+0000][2.157s] GC(4) Old regions: 17->17
[2022-12-15T23:05:52.933+0000][2.157s] GC(4) Archive regions: 2->2
[2022-12-15T23:05:52.933+0000][2.157s] GC(4) Humongous regions: 4->4
[2022-12-15T23:05:52.933+0000][2.157s] GC(4) Metaspace: 29696K(30016K)->29696K(30016K) NonClass: 26056K(26240K)->26056K(26240K) Class: 3639K(3776K)->3639K(3776K)
[2022-12-15T23:05:52.934+0000][2.157s] GC(4) Pause Young (Concurrent Start) (G1 Evacuation Pause) 100M->27M(512M) 5.155ms
[2022-12-15T23:05:52.934+0000][2.157s] GC(4) User=0.05s Sys=0.00s Real=0.00s
[2022-12-15T23:05:52.934+0000][2.157s] GC(5) Concurrent Mark Cycle
[2022-12-15T23:05:52.934+0000][2.157s] GC(5) Concurrent Clear Claimed Marks
[2022-12-15T23:05:52.934+0000][2.157s] GC(5) Concurrent Clear Claimed Marks 0.060ms
[2022-12-15T23:05:52.934+0000][2.157s] GC(5) Concurrent Scan Root Regions
[2022-12-15T23:05:52.936+0000][2.159s] GC(5) Concurrent Scan Root Regions 2.252ms
[2022-12-15T23:05:52.936+0000][2.159s] GC(5) Concurrent Mark
[2022-12-15T23:05:52.936+0000][2.159s] GC(5) Concurrent Mark From Roots
[2022-12-15T23:05:52.936+0000][2.159s] GC(5) Using 3 workers of 3 for marking
[2022-12-15T23:05:52.946+0000][2.169s] GC(5) Concurrent Mark From Roots 10.220ms
[2022-12-15T23:05:52.946+0000][2.169s] GC(5) Concurrent Preclean
[2022-12-15T23:05:52.946+0000][2.170s] GC(5) Concurrent Preclean 0.160ms
[2022-12-15T23:05:52.947+0000][2.170s] GC(5) Pause Remark
[2022-12-15T23:05:52.948+0000][2.171s] GC(5) Pause Remark 32M->32M(512M) 1.611ms
[2022-12-15T23:05:52.948+0000][2.171s] GC(5) User=0.01s Sys=0.00s Real=0.00s
[2022-12-15T23:05:52.948+0000][2.171s] GC(5) Concurrent Mark 12.284ms
[2022-12-15T23:05:52.948+0000][2.172s] GC(5) Concurrent Rebuild Remembered Sets
[2022-12-15T23:05:52.954+0000][2.177s] GC(5) Concurrent Rebuild Remembered Sets 5.368ms
[2022-12-15T23:05:52.954+0000][2.177s] GC(5) Pause Cleanup
[2022-12-15T23:05:52.954+0000][2.177s] GC(5) Pause Cleanup 33M->33M(512M) 0.120ms
[2022-12-15T23:05:52.954+0000][2.177s] GC(5) User=0.00s Sys=0.00s Real=0.00s
[2022-12-15T23:05:52.954+0000][2.177s] GC(5) Concurrent Cleanup for Next Mark
[2022-12-15T23:05:52.955+0000][2.178s] GC(5) Concurrent Cleanup for Next Mark 0.549ms
[2022-12-15T23:05:52.955+0000][2.178s] GC(5) Concurrent Mark Cycle 21.086ms
[2022-12-15T23:05:55.480+0000][4.703s] Heap
[2022-12-15T23:05:55.480+0000][4.703s]  garbage-first heap   total 524288K, used 192807K [0x00000000e0000000, 0x0000000100000000)
[2022-12-15T23:05:55.480+0000][4.703s]   region size 1024K, 167 young (171008K), 6 survivors (6144K)
[2022-12-15T23:05:55.480+0000][4.703s]  Metaspace       used 41456K, committed 41856K, reserved 1089536K
[2022-12-15T23:05:55.480+0000][4.703s]   class space    used 5183K, committed 5376K, reserved 1048576K
