[2022-12-15T23:06:02.758+0000][0.005s] Using G1
[2022-12-15T23:06:02.812+0000][0.059s] Version: 17.0.5+8 (release)
[2022-12-15T23:06:02.812+0000][0.059s] CPUs: 12 total, 12 available
[2022-12-15T23:06:02.812+0000][0.059s] Memory: 15931M
[2022-12-15T23:06:02.812+0000][0.059s] Large Page Support: Disabled
[2022-12-15T23:06:02.812+0000][0.059s] NUMA Support: Disabled
[2022-12-15T23:06:02.812+0000][0.059s] Compressed Oops: Enabled (32-bit)
[2022-12-15T23:06:02.812+0000][0.059s] Heap Region Size: 1M
[2022-12-15T23:06:02.812+0000][0.059s] Heap Min Capacity: 512M
[2022-12-15T23:06:02.812+0000][0.059s] Heap Initial Capacity: 512M
[2022-12-15T23:06:02.812+0000][0.059s] Heap Max Capacity: 512M
[2022-12-15T23:06:02.812+0000][0.059s] Pre-touch: Enabled
[2022-12-15T23:06:02.812+0000][0.059s] Parallel Workers: 10
[2022-12-15T23:06:02.812+0000][0.059s] Concurrent Workers: 3
[2022-12-15T23:06:02.812+0000][0.059s] Concurrent Refinement Workers: 10
[2022-12-15T23:06:02.812+0000][0.059s] Periodic GC: Disabled
[2022-12-15T23:06:02.812+0000][0.059s] CDS archive(s) mapped at: [0x0000000800000000-0x0000000800a7b000-0x0000000800a7b000), size 10989568, SharedBaseAddress: 0x0000000800000000, ArchiveRelocationMode: 0.
[2022-12-15T23:06:02.812+0000][0.059s] Compressed class space mapped at: 0x0000000800c00000-0x0000000840c00000, reserved size: 1073741824
[2022-12-15T23:06:02.812+0000][0.059s] Narrow klass base: 0x0000000800000000, Narrow klass shift: 0, Narrow klass range: 0x100000000
[2022-12-15T23:06:03.421+0000][0.667s] GC(0) Pause Young (Normal) (G1 Evacuation Pause)
[2022-12-15T23:06:03.421+0000][0.667s] GC(0) Using 10 workers of 10 for evacuation
[2022-12-15T23:06:03.425+0000][0.671s] GC(0)   Pre Evacuate Collection Set: 0.1ms
[2022-12-15T23:06:03.425+0000][0.671s] GC(0)   Merge Heap Roots: 0.1ms
[2022-12-15T23:06:03.425+0000][0.671s] GC(0)   Evacuate Collection Set: 3.0ms
[2022-12-15T23:06:03.425+0000][0.671s] GC(0)   Post Evacuate Collection Set: 0.5ms
[2022-12-15T23:06:03.425+0000][0.671s] GC(0)   Other: 0.2ms
[2022-12-15T23:06:03.425+0000][0.671s] GC(0) Eden regions: 29->0(55)
[2022-12-15T23:06:03.425+0000][0.671s] GC(0) Survivor regions: 0->4(4)
[2022-12-15T23:06:03.425+0000][0.671s] GC(0) Old regions: 0->2
[2022-12-15T23:06:03.425+0000][0.671s] GC(0) Archive regions: 2->2
[2022-12-15T23:06:03.425+0000][0.671s] GC(0) Humongous regions: 4->4
[2022-12-15T23:06:03.425+0000][0.671s] GC(0) Metaspace: 9908K(10176K)->9908K(10176K) NonClass: 8692K(8832K)->8692K(8832K) Class: 1216K(1344K)->1216K(1344K)
[2022-12-15T23:06:03.425+0000][0.671s] GC(0) Pause Young (Normal) (G1 Evacuation Pause) 33M->10M(512M) 4.070ms
[2022-12-15T23:06:03.425+0000][0.672s] GC(0) User=0.03s Sys=0.00s Real=0.00s
[2022-12-15T23:06:03.885+0000][1.131s] GC(1) Pause Young (Normal) (G1 Evacuation Pause)
[2022-12-15T23:06:03.885+0000][1.131s] GC(1) Using 10 workers of 10 for evacuation
[2022-12-15T23:06:03.889+0000][1.136s] GC(1)   Pre Evacuate Collection Set: 0.1ms
[2022-12-15T23:06:03.889+0000][1.136s] GC(1)   Merge Heap Roots: 0.0ms
[2022-12-15T23:06:03.889+0000][1.136s] GC(1)   Evacuate Collection Set: 4.0ms
[2022-12-15T23:06:03.889+0000][1.136s] GC(1)   Post Evacuate Collection Set: 0.6ms
[2022-12-15T23:06:03.889+0000][1.136s] GC(1)   Other: 0.1ms
[2022-12-15T23:06:03.889+0000][1.136s] GC(1) Eden regions: 48->0(59)
[2022-12-15T23:06:03.889+0000][1.136s] GC(1) Survivor regions: 4->7(7)
[2022-12-15T23:06:03.889+0000][1.136s] GC(1) Old regions: 2->9
[2022-12-15T23:06:03.889+0000][1.136s] GC(1) Archive regions: 2->2
[2022-12-15T23:06:03.889+0000][1.136s] GC(1) Humongous regions: 4->4
[2022-12-15T23:06:03.889+0000][1.136s] GC(1) Metaspace: 15750K(16000K)->15750K(16000K) NonClass: 13824K(13952K)->13824K(13952K) Class: 1925K(2048K)->1925K(2048K)
[2022-12-15T23:06:03.890+0000][1.136s] GC(1) Pause Young (Normal) (G1 Evacuation Pause) 58M->20M(512M) 4.920ms
[2022-12-15T23:06:03.890+0000][1.136s] GC(1) User=0.05s Sys=0.00s Real=0.01s
[2022-12-15T23:06:04.240+0000][1.487s] GC(2) Pause Young (Normal) (G1 Evacuation Pause)
[2022-12-15T23:06:04.240+0000][1.487s] GC(2) Using 10 workers of 10 for evacuation
[2022-12-15T23:06:04.244+0000][1.491s] GC(2)   Pre Evacuate Collection Set: 0.2ms
[2022-12-15T23:06:04.244+0000][1.491s] GC(2)   Merge Heap Roots: 0.1ms
[2022-12-15T23:06:04.244+0000][1.491s] GC(2)   Evacuate Collection Set: 3.0ms
[2022-12-15T23:06:04.244+0000][1.491s] GC(2)   Post Evacuate Collection Set: 0.7ms
[2022-12-15T23:06:04.244+0000][1.491s] GC(2)   Other: 0.2ms
[2022-12-15T23:06:04.244+0000][1.491s] GC(2) Eden regions: 59->0(217)
[2022-12-15T23:06:04.244+0000][1.491s] GC(2) Survivor regions: 7->4(9)
[2022-12-15T23:06:04.244+0000][1.491s] GC(2) Old regions: 9->16
[2022-12-15T23:06:04.244+0000][1.491s] GC(2) Archive regions: 2->2
[2022-12-15T23:06:04.244+0000][1.491s] GC(2) Humongous regions: 5->4
[2022-12-15T23:06:04.244+0000][1.491s] GC(2) Metaspace: 20160K(20480K)->20160K(20480K) NonClass: 17653K(17792K)->17653K(17792K) Class: 2506K(2688K)->2506K(2688K)
[2022-12-15T23:06:04.244+0000][1.491s] GC(2) Pause Young (Normal) (G1 Evacuation Pause) 80M->24M(512M) 4.252ms
[2022-12-15T23:06:04.244+0000][1.491s] GC(2) User=0.04s Sys=0.00s Real=0.00s
[2022-12-15T23:06:04.296+0000][1.543s] GC(3) Pause Young (Concurrent Start) (Metadata GC Threshold)
[2022-12-15T23:06:04.297+0000][1.543s] GC(3) Using 10 workers of 10 for evacuation
[2022-12-15T23:06:04.299+0000][1.545s] GC(3)   Pre Evacuate Collection Set: 0.1ms
[2022-12-15T23:06:04.299+0000][1.545s] GC(3)   Merge Heap Roots: 0.0ms
[2022-12-15T23:06:04.299+0000][1.545s] GC(3)   Evacuate Collection Set: 1.3ms
[2022-12-15T23:06:04.299+0000][1.545s] GC(3)   Post Evacuate Collection Set: 0.4ms
[2022-12-15T23:06:04.299+0000][1.545s] GC(3)   Other: 0.3ms
[2022-12-15T23:06:04.299+0000][1.545s] GC(3) Eden regions: 9->0(303)
[2022-12-15T23:06:04.299+0000][1.545s] GC(3) Survivor regions: 4->4(28)
[2022-12-15T23:06:04.299+0000][1.546s] GC(3) Old regions: 16->16
[2022-12-15T23:06:04.299+0000][1.546s] GC(3) Archive regions: 2->2
[2022-12-15T23:06:04.299+0000][1.546s] GC(3) Humongous regions: 4->4
[2022-12-15T23:06:04.299+0000][1.546s] GC(3) Metaspace: 21241K(21504K)->21241K(21504K) NonClass: 18633K(18752K)->18633K(18752K) Class: 2608K(2752K)->2608K(2752K)
[2022-12-15T23:06:04.299+0000][1.546s] GC(3) Pause Young (Concurrent Start) (Metadata GC Threshold) 33M->24M(512M) 2.291ms
[2022-12-15T23:06:04.299+0000][1.546s] GC(3) User=0.02s Sys=0.00s Real=0.00s
[2022-12-15T23:06:04.299+0000][1.546s] GC(4) Concurrent Mark Cycle
[2022-12-15T23:06:04.299+0000][1.546s] GC(4) Concurrent Clear Claimed Marks
[2022-12-15T23:06:04.299+0000][1.546s] GC(4) Concurrent Clear Claimed Marks 0.024ms
[2022-12-15T23:06:04.299+0000][1.546s] GC(4) Concurrent Scan Root Regions
[2022-12-15T23:06:04.300+0000][1.547s] GC(4) Concurrent Scan Root Regions 1.126ms
[2022-12-15T23:06:04.300+0000][1.547s] GC(4) Concurrent Mark
[2022-12-15T23:06:04.300+0000][1.547s] GC(4) Concurrent Mark From Roots
[2022-12-15T23:06:04.300+0000][1.547s] GC(4) Using 3 workers of 3 for marking
[2022-12-15T23:06:04.317+0000][1.563s] GC(4) Concurrent Mark From Roots 16.460ms
[2022-12-15T23:06:04.317+0000][1.563s] GC(4) Concurrent Preclean
[2022-12-15T23:06:04.317+0000][1.564s] GC(4) Concurrent Preclean 0.309ms
[2022-12-15T23:06:04.317+0000][1.564s] GC(4) Pause Remark
[2022-12-15T23:06:04.319+0000][1.565s] GC(4) Pause Remark 28M->28M(512M) 1.707ms
[2022-12-15T23:06:04.319+0000][1.566s] GC(4) User=0.02s Sys=0.00s Real=0.00s
[2022-12-15T23:06:04.319+0000][1.566s] GC(4) Concurrent Mark 18.713ms
[2022-12-15T23:06:04.319+0000][1.566s] GC(4) Concurrent Rebuild Remembered Sets
[2022-12-15T23:06:04.325+0000][1.572s] GC(4) Concurrent Rebuild Remembered Sets 6.425ms
[2022-12-15T23:06:04.325+0000][1.572s] GC(4) Pause Cleanup
[2022-12-15T23:06:04.326+0000][1.572s] GC(4) Pause Cleanup 29M->29M(512M) 0.138ms
[2022-12-15T23:06:04.326+0000][1.572s] GC(4) User=0.00s Sys=0.00s Real=0.00s
[2022-12-15T23:06:04.326+0000][1.572s] GC(4) Concurrent Cleanup for Next Mark
[2022-12-15T23:06:04.326+0000][1.573s] GC(4) Concurrent Cleanup for Next Mark 0.531ms
[2022-12-15T23:06:04.326+0000][1.573s] GC(4) Concurrent Mark Cycle 27.366ms
[2022-12-15T23:06:05.587+0000][2.833s] GC(5) Pause Young (Concurrent Start) (Metadata GC Threshold)
[2022-12-15T23:06:05.587+0000][2.833s] GC(5) Using 10 workers of 10 for evacuation
[2022-12-15T23:06:05.594+0000][2.840s] GC(5)   Pre Evacuate Collection Set: 0.2ms
[2022-12-15T23:06:05.594+0000][2.840s] GC(5)   Merge Heap Roots: 0.1ms
[2022-12-15T23:06:05.594+0000][2.840s] GC(5)   Evacuate Collection Set: 6.0ms
[2022-12-15T23:06:05.594+0000][2.840s] GC(5)   Post Evacuate Collection Set: 0.6ms
[2022-12-15T23:06:05.594+0000][2.840s] GC(5)   Other: 0.3ms
[2022-12-15T23:06:05.594+0000][2.840s] GC(5) Eden regions: 159->0(296)
[2022-12-15T23:06:05.594+0000][2.840s] GC(5) Survivor regions: 4->11(39)
[2022-12-15T23:06:05.594+0000][2.840s] GC(5) Old regions: 16->16
[2022-12-15T23:06:05.594+0000][2.840s] GC(5) Archive regions: 2->2
[2022-12-15T23:06:05.594+0000][2.840s] GC(5) Humongous regions: 4->4
[2022-12-15T23:06:05.594+0000][2.840s] GC(5) Metaspace: 36591K(36928K)->36591K(36928K) NonClass: 32029K(32192K)->32029K(32192K) Class: 4562K(4736K)->4562K(4736K)
[2022-12-15T23:06:05.594+0000][2.841s] GC(5) Pause Young (Concurrent Start) (Metadata GC Threshold) 183M->30M(512M) 7.179ms
[2022-12-15T23:06:05.594+0000][2.841s] GC(5) User=0.06s Sys=0.00s Real=0.00s
[2022-12-15T23:06:05.594+0000][2.841s] GC(6) Concurrent Mark Cycle
[2022-12-15T23:06:05.594+0000][2.841s] GC(6) Concurrent Clear Claimed Marks
[2022-12-15T23:06:05.594+0000][2.841s] GC(6) Concurrent Clear Claimed Marks 0.026ms
[2022-12-15T23:06:05.594+0000][2.841s] GC(6) Concurrent Scan Root Regions
[2022-12-15T23:06:05.598+0000][2.845s] GC(6) Concurrent Scan Root Regions 3.928ms
[2022-12-15T23:06:05.598+0000][2.845s] GC(6) Concurrent Mark
[2022-12-15T23:06:05.598+0000][2.845s] GC(6) Concurrent Mark From Roots
[2022-12-15T23:06:05.598+0000][2.845s] GC(6) Using 3 workers of 3 for marking
[2022-12-15T23:06:05.615+0000][2.862s] GC(6) Concurrent Mark From Roots 17.443ms
[2022-12-15T23:06:05.615+0000][2.862s] GC(6) Concurrent Preclean
[2022-12-15T23:06:05.615+0000][2.862s] GC(6) Concurrent Preclean 0.105ms
[2022-12-15T23:06:05.616+0000][2.862s] GC(6) Pause Remark
[2022-12-15T23:06:05.617+0000][2.864s] GC(6) Pause Remark 36M->36M(512M) 1.919ms
[2022-12-15T23:06:05.617+0000][2.864s] GC(6) User=0.02s Sys=0.00s Real=0.00s
[2022-12-15T23:06:05.618+0000][2.864s] GC(6) Concurrent Mark 19.704ms
[2022-12-15T23:06:05.618+0000][2.864s] GC(6) Concurrent Rebuild Remembered Sets
[2022-12-15T23:06:05.626+0000][2.873s] GC(6) Concurrent Rebuild Remembered Sets 8.933ms
[2022-12-15T23:06:05.627+0000][2.873s] GC(6) Pause Cleanup
[2022-12-15T23:06:05.627+0000][2.874s] GC(6) Pause Cleanup 37M->37M(512M) 0.104ms
[2022-12-15T23:06:05.627+0000][2.874s] GC(6) User=0.00s Sys=0.00s Real=0.00s
[2022-12-15T23:06:05.627+0000][2.874s] GC(6) Concurrent Cleanup for Next Mark
[2022-12-15T23:06:05.627+0000][2.874s] GC(6) Concurrent Cleanup for Next Mark 0.520ms
[2022-12-15T23:06:05.627+0000][2.874s] GC(6) Concurrent Mark Cycle 33.573ms
[2022-12-15T23:17:35.104+0000][692.351s] Heap
[2022-12-15T23:17:35.104+0000][692.351s]  garbage-first heap   total 524288K, used 150974K [0x00000000e0000000, 0x0000000100000000)
[2022-12-15T23:17:35.104+0000][692.351s]   region size 1024K, 128 young (131072K), 11 survivors (11264K)
[2022-12-15T23:17:35.104+0000][692.351s]  Metaspace       used 45100K, committed 45504K, reserved 1089536K
[2022-12-15T23:17:35.104+0000][692.351s]   class space    used 5678K, committed 5888K, reserved 1048576K
