[2022-12-16T17:39:35.410+0000][0.005s] Using G1
[2022-12-16T17:39:35.463+0000][0.057s] Version: 17.0.5+8 (release)
[2022-12-16T17:39:35.463+0000][0.057s] CPUs: 12 total, 12 available
[2022-12-16T17:39:35.463+0000][0.057s] Memory: 15931M
[2022-12-16T17:39:35.463+0000][0.057s] Large Page Support: Disabled
[2022-12-16T17:39:35.463+0000][0.057s] NUMA Support: Disabled
[2022-12-16T17:39:35.463+0000][0.057s] Compressed Oops: Enabled (32-bit)
[2022-12-16T17:39:35.463+0000][0.057s] Heap Region Size: 1M
[2022-12-16T17:39:35.463+0000][0.057s] Heap Min Capacity: 512M
[2022-12-16T17:39:35.463+0000][0.057s] Heap Initial Capacity: 512M
[2022-12-16T17:39:35.463+0000][0.057s] Heap Max Capacity: 512M
[2022-12-16T17:39:35.463+0000][0.057s] Pre-touch: Enabled
[2022-12-16T17:39:35.463+0000][0.057s] Parallel Workers: 10
[2022-12-16T17:39:35.463+0000][0.057s] Concurrent Workers: 3
[2022-12-16T17:39:35.463+0000][0.057s] Concurrent Refinement Workers: 10
[2022-12-16T17:39:35.463+0000][0.057s] Periodic GC: Disabled
[2022-12-16T17:39:35.463+0000][0.057s] CDS archive(s) mapped at: [0x0000000800000000-0x0000000800a7b000-0x0000000800a7b000), size 10989568, SharedBaseAddress: 0x0000000800000000, ArchiveRelocationMode: 0.
[2022-12-16T17:39:35.463+0000][0.057s] Compressed class space mapped at: 0x0000000800c00000-0x0000000840c00000, reserved size: 1073741824
[2022-12-16T17:39:35.463+0000][0.057s] Narrow klass base: 0x0000000800000000, Narrow klass shift: 0, Narrow klass range: 0x100000000
[2022-12-16T17:39:36.103+0000][0.697s] GC(0) Pause Young (Normal) (G1 Evacuation Pause)
[2022-12-16T17:39:36.103+0000][0.697s] GC(0) Using 10 workers of 10 for evacuation
[2022-12-16T17:39:36.105+0000][0.700s] GC(0)   Pre Evacuate Collection Set: 0.1ms
[2022-12-16T17:39:36.105+0000][0.700s] GC(0)   Merge Heap Roots: 0.0ms
[2022-12-16T17:39:36.105+0000][0.700s] GC(0)   Evacuate Collection Set: 2.1ms
[2022-12-16T17:39:36.105+0000][0.700s] GC(0)   Post Evacuate Collection Set: 0.4ms
[2022-12-16T17:39:36.105+0000][0.700s] GC(0)   Other: 0.2ms
[2022-12-16T17:39:36.105+0000][0.700s] GC(0) Eden regions: 29->0(55)
[2022-12-16T17:39:36.105+0000][0.700s] GC(0) Survivor regions: 0->4(4)
[2022-12-16T17:39:36.105+0000][0.700s] GC(0) Old regions: 0->2
[2022-12-16T17:39:36.105+0000][0.700s] GC(0) Archive regions: 2->2
[2022-12-16T17:39:36.105+0000][0.700s] GC(0) Humongous regions: 4->4
[2022-12-16T17:39:36.105+0000][0.700s] GC(0) Metaspace: 9905K(10176K)->9905K(10176K) NonClass: 8689K(8832K)->8689K(8832K) Class: 1216K(1344K)->1216K(1344K)
[2022-12-16T17:39:36.105+0000][0.700s] GC(0) Pause Young (Normal) (G1 Evacuation Pause) 33M->10M(512M) 2.862ms
[2022-12-16T17:39:36.105+0000][0.700s] GC(0) User=0.03s Sys=0.00s Real=0.00s
[2022-12-16T17:39:36.532+0000][1.127s] GC(1) Pause Young (Normal) (G1 Evacuation Pause)
[2022-12-16T17:39:36.532+0000][1.127s] GC(1) Using 10 workers of 10 for evacuation
[2022-12-16T17:39:36.539+0000][1.133s] GC(1)   Pre Evacuate Collection Set: 0.1ms
[2022-12-16T17:39:36.539+0000][1.133s] GC(1)   Merge Heap Roots: 0.1ms
[2022-12-16T17:39:36.539+0000][1.133s] GC(1)   Evacuate Collection Set: 5.6ms
[2022-12-16T17:39:36.539+0000][1.133s] GC(1)   Post Evacuate Collection Set: 0.8ms
[2022-12-16T17:39:36.539+0000][1.133s] GC(1)   Other: 0.1ms
[2022-12-16T17:39:36.539+0000][1.133s] GC(1) Eden regions: 49->0(60)
[2022-12-16T17:39:36.539+0000][1.133s] GC(1) Survivor regions: 4->7(7)
[2022-12-16T17:39:36.539+0000][1.133s] GC(1) Old regions: 2->9
[2022-12-16T17:39:36.539+0000][1.133s] GC(1) Archive regions: 2->2
[2022-12-16T17:39:36.539+0000][1.133s] GC(1) Humongous regions: 4->4
[2022-12-16T17:39:36.539+0000][1.133s] GC(1) Metaspace: 15734K(15936K)->15734K(15936K) NonClass: 13809K(13888K)->13809K(13888K) Class: 1925K(2048K)->1925K(2048K)
[2022-12-16T17:39:36.539+0000][1.133s] GC(1) Pause Young (Normal) (G1 Evacuation Pause) 59M->20M(512M) 6.812ms
[2022-12-16T17:39:36.539+0000][1.133s] GC(1) User=0.07s Sys=0.00s Real=0.01s
[2022-12-16T17:39:36.903+0000][1.498s] GC(2) Pause Young (Normal) (G1 Evacuation Pause)
[2022-12-16T17:39:36.904+0000][1.498s] GC(2) Using 10 workers of 10 for evacuation
[2022-12-16T17:39:36.908+0000][1.502s] GC(2)   Pre Evacuate Collection Set: 0.1ms
[2022-12-16T17:39:36.908+0000][1.502s] GC(2)   Merge Heap Roots: 0.1ms
[2022-12-16T17:39:36.908+0000][1.502s] GC(2)   Evacuate Collection Set: 3.5ms
[2022-12-16T17:39:36.908+0000][1.502s] GC(2)   Post Evacuate Collection Set: 0.5ms
[2022-12-16T17:39:36.908+0000][1.502s] GC(2)   Other: 0.2ms
[2022-12-16T17:39:36.908+0000][1.502s] GC(2) Eden regions: 60->0(221)
[2022-12-16T17:39:36.908+0000][1.502s] GC(2) Survivor regions: 7->4(9)
[2022-12-16T17:39:36.908+0000][1.502s] GC(2) Old regions: 9->16
[2022-12-16T17:39:36.908+0000][1.502s] GC(2) Archive regions: 2->2
[2022-12-16T17:39:36.908+0000][1.502s] GC(2) Humongous regions: 5->4
[2022-12-16T17:39:36.908+0000][1.502s] GC(2) Metaspace: 20323K(20608K)->20323K(20608K) NonClass: 17798K(17920K)->17798K(17920K) Class: 2525K(2688K)->2525K(2688K)
[2022-12-16T17:39:36.908+0000][1.502s] GC(2) Pause Young (Normal) (G1 Evacuation Pause) 81M->24M(512M) 4.463ms
[2022-12-16T17:39:36.908+0000][1.502s] GC(2) User=0.02s Sys=0.02s Real=0.01s
[2022-12-16T17:39:36.949+0000][1.543s] GC(3) Pause Young (Concurrent Start) (Metadata GC Threshold)
[2022-12-16T17:39:36.949+0000][1.543s] GC(3) Using 10 workers of 10 for evacuation
[2022-12-16T17:39:36.951+0000][1.545s] GC(3)   Pre Evacuate Collection Set: 0.1ms
[2022-12-16T17:39:36.951+0000][1.545s] GC(3)   Merge Heap Roots: 0.0ms
[2022-12-16T17:39:36.951+0000][1.545s] GC(3)   Evacuate Collection Set: 1.1ms
[2022-12-16T17:39:36.951+0000][1.545s] GC(3)   Post Evacuate Collection Set: 0.3ms
[2022-12-16T17:39:36.951+0000][1.545s] GC(3)   Other: 0.2ms
[2022-12-16T17:39:36.951+0000][1.545s] GC(3) Eden regions: 7->0(303)
[2022-12-16T17:39:36.951+0000][1.545s] GC(3) Survivor regions: 4->4(29)
[2022-12-16T17:39:36.951+0000][1.545s] GC(3) Old regions: 16->16
[2022-12-16T17:39:36.951+0000][1.545s] GC(3) Archive regions: 2->2
[2022-12-16T17:39:36.951+0000][1.545s] GC(3) Humongous regions: 4->4
[2022-12-16T17:39:36.951+0000][1.545s] GC(3) Metaspace: 21220K(21504K)->21220K(21504K) NonClass: 18612K(18752K)->18612K(18752K) Class: 2608K(2752K)->2608K(2752K)
[2022-12-16T17:39:36.951+0000][1.545s] GC(3) Pause Young (Concurrent Start) (Metadata GC Threshold) 31M->24M(512M) 1.904ms
[2022-12-16T17:39:36.951+0000][1.545s] GC(3) User=0.01s Sys=0.00s Real=0.00s
[2022-12-16T17:39:36.951+0000][1.545s] GC(4) Concurrent Mark Cycle
[2022-12-16T17:39:36.951+0000][1.545s] GC(4) Concurrent Clear Claimed Marks
[2022-12-16T17:39:36.951+0000][1.545s] GC(4) Concurrent Clear Claimed Marks 0.018ms
[2022-12-16T17:39:36.951+0000][1.545s] GC(4) Concurrent Scan Root Regions
[2022-12-16T17:39:36.952+0000][1.546s] GC(4) Concurrent Scan Root Regions 0.894ms
[2022-12-16T17:39:36.952+0000][1.546s] GC(4) Concurrent Mark
[2022-12-16T17:39:36.952+0000][1.546s] GC(4) Concurrent Mark From Roots
[2022-12-16T17:39:36.952+0000][1.546s] GC(4) Using 3 workers of 3 for marking
[2022-12-16T17:39:36.964+0000][1.559s] GC(4) Concurrent Mark From Roots 12.581ms
[2022-12-16T17:39:36.964+0000][1.559s] GC(4) Concurrent Preclean
[2022-12-16T17:39:36.965+0000][1.559s] GC(4) Concurrent Preclean 0.305ms
[2022-12-16T17:39:36.965+0000][1.559s] GC(4) Pause Remark
[2022-12-16T17:39:36.966+0000][1.560s] GC(4) Pause Remark 27M->27M(512M) 1.355ms
[2022-12-16T17:39:36.966+0000][1.561s] GC(4) User=0.01s Sys=0.00s Real=0.00s
[2022-12-16T17:39:36.966+0000][1.561s] GC(4) Concurrent Mark 14.630ms
[2022-12-16T17:39:36.966+0000][1.561s] GC(4) Concurrent Rebuild Remembered Sets
[2022-12-16T17:39:36.971+0000][1.565s] GC(4) Concurrent Rebuild Remembered Sets 4.870ms
[2022-12-16T17:39:36.972+0000][1.566s] GC(4) Pause Cleanup
[2022-12-16T17:39:36.972+0000][1.566s] GC(4) Pause Cleanup 28M->28M(512M) 0.153ms
[2022-12-16T17:39:36.972+0000][1.566s] GC(4) User=0.00s Sys=0.00s Real=0.00s
[2022-12-16T17:39:36.972+0000][1.566s] GC(4) Concurrent Cleanup for Next Mark
[2022-12-16T17:39:36.972+0000][1.566s] GC(4) Concurrent Cleanup for Next Mark 0.413ms
[2022-12-16T17:39:36.972+0000][1.566s] GC(4) Concurrent Mark Cycle 21.424ms
[2022-12-16T17:39:38.153+0000][2.747s] GC(5) Pause Young (Concurrent Start) (Metadata GC Threshold)
[2022-12-16T17:39:38.153+0000][2.747s] GC(5) Using 10 workers of 10 for evacuation
[2022-12-16T17:39:38.160+0000][2.754s] GC(5)   Pre Evacuate Collection Set: 0.1ms
[2022-12-16T17:39:38.160+0000][2.754s] GC(5)   Merge Heap Roots: 0.1ms
[2022-12-16T17:39:38.160+0000][2.754s] GC(5)   Evacuate Collection Set: 6.2ms
[2022-12-16T17:39:38.160+0000][2.755s] GC(5)   Post Evacuate Collection Set: 0.7ms
[2022-12-16T17:39:38.160+0000][2.755s] GC(5)   Other: 0.3ms
[2022-12-16T17:39:38.160+0000][2.755s] GC(5) Eden regions: 139->0(296)
[2022-12-16T17:39:38.160+0000][2.755s] GC(5) Survivor regions: 4->11(39)
[2022-12-16T17:39:38.160+0000][2.755s] GC(5) Old regions: 16->16
[2022-12-16T17:39:38.160+0000][2.755s] GC(5) Archive regions: 2->2
[2022-12-16T17:39:38.160+0000][2.755s] GC(5) Humongous regions: 4->4
[2022-12-16T17:39:38.160+0000][2.755s] GC(5) Metaspace: 36345K(36736K)->36345K(36736K) NonClass: 31845K(32000K)->31845K(32000K) Class: 4499K(4736K)->4499K(4736K)
[2022-12-16T17:39:38.160+0000][2.755s] GC(5) Pause Young (Concurrent Start) (Metadata GC Threshold) 163M->31M(512M) 7.532ms
[2022-12-16T17:39:38.160+0000][2.755s] GC(5) User=0.06s Sys=0.00s Real=0.01s
[2022-12-16T17:39:38.161+0000][2.755s] GC(6) Concurrent Mark Cycle
[2022-12-16T17:39:38.161+0000][2.755s] GC(6) Concurrent Clear Claimed Marks
[2022-12-16T17:39:38.161+0000][2.755s] GC(6) Concurrent Clear Claimed Marks 0.022ms
[2022-12-16T17:39:38.161+0000][2.755s] GC(6) Concurrent Scan Root Regions
[2022-12-16T17:39:38.165+0000][2.759s] GC(6) Concurrent Scan Root Regions 4.478ms
[2022-12-16T17:39:38.165+0000][2.759s] GC(6) Concurrent Mark
[2022-12-16T17:39:38.165+0000][2.759s] GC(6) Concurrent Mark From Roots
[2022-12-16T17:39:38.165+0000][2.759s] GC(6) Using 3 workers of 3 for marking
[2022-12-16T17:39:38.187+0000][2.781s] GC(6) Concurrent Mark From Roots 21.575ms
[2022-12-16T17:39:38.187+0000][2.781s] GC(6) Concurrent Preclean
[2022-12-16T17:39:38.187+0000][2.781s] GC(6) Concurrent Preclean 0.162ms
[2022-12-16T17:39:38.187+0000][2.781s] GC(6) Pause Remark
[2022-12-16T17:39:38.189+0000][2.783s] GC(6) Pause Remark 37M->37M(512M) 2.130ms
[2022-12-16T17:39:38.189+0000][2.783s] GC(6) User=0.02s Sys=0.00s Real=0.00s
[2022-12-16T17:39:38.189+0000][2.783s] GC(6) Concurrent Mark 24.208ms
[2022-12-16T17:39:38.189+0000][2.783s] GC(6) Concurrent Rebuild Remembered Sets
[2022-12-16T17:39:38.199+0000][2.793s] GC(6) Concurrent Rebuild Remembered Sets 9.794ms
[2022-12-16T17:39:38.199+0000][2.793s] GC(6) Pause Cleanup
[2022-12-16T17:39:38.199+0000][2.794s] GC(6) Pause Cleanup 39M->39M(512M) 0.138ms
[2022-12-16T17:39:38.199+0000][2.794s] GC(6) User=0.00s Sys=0.00s Real=0.00s
[2022-12-16T17:39:38.199+0000][2.794s] GC(6) Concurrent Cleanup for Next Mark
[2022-12-16T17:39:38.200+0000][2.794s] GC(6) Concurrent Cleanup for Next Mark 0.510ms
[2022-12-16T17:39:38.200+0000][2.794s] GC(6) Concurrent Mark Cycle 39.440ms
[2022-12-16T19:11:44.514+0000][5529.108s] GC(7) Pause Young (Normal) (G1 Evacuation Pause)
[2022-12-16T19:11:44.514+0000][5529.108s] GC(7) Using 10 workers of 10 for evacuation
[2022-12-16T19:11:44.524+0000][5529.118s] GC(7)   Pre Evacuate Collection Set: 0.1ms
[2022-12-16T19:11:44.524+0000][5529.118s] GC(7)   Merge Heap Roots: 0.1ms
[2022-12-16T19:11:44.524+0000][5529.118s] GC(7)   Evacuate Collection Set: 8.8ms
[2022-12-16T19:11:44.524+0000][5529.118s] GC(7)   Post Evacuate Collection Set: 1.1ms
[2022-12-16T19:11:44.524+0000][5529.118s] GC(7)   Other: 0.2ms
[2022-12-16T19:11:44.524+0000][5529.118s] GC(7) Eden regions: 296->0(288)
[2022-12-16T19:11:44.524+0000][5529.118s] GC(7) Survivor regions: 11->19(39)
[2022-12-16T19:11:44.524+0000][5529.118s] GC(7) Old regions: 16->16
[2022-12-16T19:11:44.524+0000][5529.118s] GC(7) Archive regions: 2->2
[2022-12-16T19:11:44.524+0000][5529.118s] GC(7) Humongous regions: 4->4
[2022-12-16T19:11:44.524+0000][5529.118s] GC(7) Metaspace: 49112K(49600K)->49112K(49600K) NonClass: 43050K(43328K)->43050K(43328K) Class: 6061K(6272K)->6061K(6272K)
[2022-12-16T19:11:44.524+0000][5529.118s] GC(7) Pause Young (Normal) (G1 Evacuation Pause) 327M->39M(512M) 10.382ms
[2022-12-16T19:11:44.524+0000][5529.118s] GC(7) User=0.06s Sys=0.00s Real=0.01s
[2022-12-16T19:57:29.278+0000][8273.872s] GC(8) Pause Young (Normal) (G1 Evacuation Pause)
[2022-12-16T19:57:29.278+0000][8273.872s] GC(8) Using 10 workers of 10 for evacuation
[2022-12-16T19:57:29.287+0000][8273.881s] GC(8)   Pre Evacuate Collection Set: 0.1ms
[2022-12-16T19:57:29.287+0000][8273.881s] GC(8)   Merge Heap Roots: 0.1ms
[2022-12-16T19:57:29.287+0000][8273.881s] GC(8)   Evacuate Collection Set: 6.9ms
[2022-12-16T19:57:29.287+0000][8273.881s] GC(8)   Post Evacuate Collection Set: 1.6ms
[2022-12-16T19:57:29.287+0000][8273.881s] GC(8)   Other: 0.2ms
[2022-12-16T19:57:29.287+0000][8273.881s] GC(8) Eden regions: 288->0(285)
[2022-12-16T19:57:29.287+0000][8273.881s] GC(8) Survivor regions: 19->22(39)
[2022-12-16T19:57:29.287+0000][8273.881s] GC(8) Old regions: 16->16
[2022-12-16T19:57:29.287+0000][8273.881s] GC(8) Archive regions: 2->2
[2022-12-16T19:57:29.287+0000][8273.881s] GC(8) Humongous regions: 4->4
[2022-12-16T19:57:29.287+0000][8273.881s] GC(8) Metaspace: 52082K(52544K)->52082K(52544K) NonClass: 45803K(46016K)->45803K(46016K) Class: 6278K(6528K)->6278K(6528K)
[2022-12-16T19:57:29.287+0000][8273.881s] GC(8) Pause Young (Normal) (G1 Evacuation Pause) 327M->42M(512M) 9.081ms
[2022-12-16T19:57:29.287+0000][8273.881s] GC(8) User=0.07s Sys=0.00s Real=0.02s
[2022-12-16T21:11:15.077+0000][12699.671s] GC(9) Pause Young (Normal) (G1 Evacuation Pause)
[2022-12-16T21:11:15.077+0000][12699.671s] GC(9) Using 10 workers of 10 for evacuation
[2022-12-16T21:11:15.086+0000][12699.681s] GC(9)   Pre Evacuate Collection Set: 0.1ms
[2022-12-16T21:11:15.086+0000][12699.681s] GC(9)   Merge Heap Roots: 0.1ms
[2022-12-16T21:11:15.086+0000][12699.681s] GC(9)   Evacuate Collection Set: 7.9ms
[2022-12-16T21:11:15.086+0000][12699.681s] GC(9)   Post Evacuate Collection Set: 1.2ms
[2022-12-16T21:11:15.086+0000][12699.681s] GC(9)   Other: 0.2ms
[2022-12-16T21:11:15.086+0000][12699.681s] GC(9) Eden regions: 285->0(288)
[2022-12-16T21:11:15.086+0000][12699.681s] GC(9) Survivor regions: 22->19(39)
[2022-12-16T21:11:15.086+0000][12699.681s] GC(9) Old regions: 16->19
[2022-12-16T21:11:15.086+0000][12699.681s] GC(9) Archive regions: 2->2
[2022-12-16T21:11:15.086+0000][12699.681s] GC(9) Humongous regions: 4->4
[2022-12-16T21:11:15.086+0000][12699.681s] GC(9) Metaspace: 52747K(53248K)->52747K(53248K) NonClass: 46463K(46720K)->46463K(46720K) Class: 6283K(6528K)->6283K(6528K)
[2022-12-16T21:11:15.086+0000][12699.681s] GC(9) Pause Young (Normal) (G1 Evacuation Pause) 327M->42M(512M) 9.699ms
[2022-12-16T21:11:15.086+0000][12699.681s] GC(9) User=0.08s Sys=0.00s Real=0.01s
[2022-12-16T21:28:41.629+0000][13746.223s] GC(10) Pause Young (Normal) (G1 Evacuation Pause)
[2022-12-16T21:28:41.629+0000][13746.223s] GC(10) Using 10 workers of 10 for evacuation
[2022-12-16T21:28:41.639+0000][13746.233s] GC(10)   Pre Evacuate Collection Set: 0.1ms
[2022-12-16T21:28:41.639+0000][13746.233s] GC(10)   Merge Heap Roots: 0.1ms
[2022-12-16T21:28:41.639+0000][13746.233s] GC(10)   Evacuate Collection Set: 8.1ms
[2022-12-16T21:28:41.639+0000][13746.233s] GC(10)   Post Evacuate Collection Set: 1.3ms
[2022-12-16T21:28:41.639+0000][13746.233s] GC(10)   Other: 0.2ms
[2022-12-16T21:28:41.639+0000][13746.233s] GC(10) Eden regions: 288->0(289)
[2022-12-16T21:28:41.639+0000][13746.233s] GC(10) Survivor regions: 19->18(39)
[2022-12-16T21:28:41.639+0000][13746.233s] GC(10) Old regions: 19->19
[2022-12-16T21:28:41.639+0000][13746.233s] GC(10) Archive regions: 2->2
[2022-12-16T21:28:41.639+0000][13746.233s] GC(10) Humongous regions: 4->4
[2022-12-16T21:28:41.639+0000][13746.233s] GC(10) Metaspace: 53210K(53696K)->53210K(53696K) NonClass: 46925K(47168K)->46925K(47168K) Class: 6284K(6528K)->6284K(6528K)
[2022-12-16T21:28:41.639+0000][13746.233s] GC(10) Pause Young (Normal) (G1 Evacuation Pause) 330M->41M(512M) 10.086ms
[2022-12-16T21:28:41.639+0000][13746.233s] GC(10) User=0.08s Sys=0.00s Real=0.01s
[2022-12-17T00:10:02.662+0000][23427.256s] GC(11) Pause Young (Normal) (G1 Evacuation Pause)
[2022-12-17T00:10:02.662+0000][23427.256s] GC(11) Using 10 workers of 10 for evacuation
[2022-12-17T00:10:02.670+0000][23427.264s] GC(11)   Pre Evacuate Collection Set: 0.2ms
[2022-12-17T00:10:02.670+0000][23427.264s] GC(11)   Merge Heap Roots: 0.1ms
[2022-12-17T00:10:02.670+0000][23427.264s] GC(11)   Evacuate Collection Set: 6.1ms
[2022-12-17T00:10:02.670+0000][23427.264s] GC(11)   Post Evacuate Collection Set: 1.2ms
[2022-12-17T00:10:02.670+0000][23427.264s] GC(11)   Other: 0.3ms
[2022-12-17T00:10:02.670+0000][23427.264s] GC(11) Eden regions: 289->0(288)
[2022-12-17T00:10:02.670+0000][23427.264s] GC(11) Survivor regions: 18->19(39)
[2022-12-17T00:10:02.670+0000][23427.264s] GC(11) Old regions: 19->19
[2022-12-17T00:10:02.670+0000][23427.264s] GC(11) Archive regions: 2->2
[2022-12-17T00:10:02.670+0000][23427.264s] GC(11) Humongous regions: 4->4
[2022-12-17T00:10:02.670+0000][23427.264s] GC(11) Metaspace: 53525K(53952K)->53525K(53952K) NonClass: 47212K(47424K)->47212K(47424K) Class: 6313K(6528K)->6313K(6528K)
[2022-12-17T00:10:02.670+0000][23427.264s] GC(11) Pause Young (Normal) (G1 Evacuation Pause) 330M->42M(512M) 8.086ms
[2022-12-17T00:10:02.670+0000][23427.264s] GC(11) User=0.05s Sys=0.00s Real=0.01s
[2022-12-17T01:46:22.215+0000][29206.809s] GC(12) Pause Young (Normal) (G1 Evacuation Pause)
[2022-12-17T01:46:22.215+0000][29206.809s] GC(12) Using 10 workers of 10 for evacuation
[2022-12-17T01:46:22.223+0000][29206.818s] GC(12)   Pre Evacuate Collection Set: 0.2ms
[2022-12-17T01:46:22.224+0000][29206.818s] GC(12)   Merge Heap Roots: 0.1ms
[2022-12-17T01:46:22.224+0000][29206.818s] GC(12)   Evacuate Collection Set: 6.8ms
[2022-12-17T01:46:22.224+0000][29206.818s] GC(12)   Post Evacuate Collection Set: 1.0ms
[2022-12-17T01:46:22.224+0000][29206.818s] GC(12)   Other: 0.2ms
[2022-12-17T01:46:22.224+0000][29206.818s] GC(12) Eden regions: 288->0(288)
[2022-12-17T01:46:22.224+0000][29206.818s] GC(12) Survivor regions: 19->19(39)
[2022-12-17T01:46:22.224+0000][29206.818s] GC(12) Old regions: 19->19
[2022-12-17T01:46:22.224+0000][29206.818s] GC(12) Archive regions: 2->2
[2022-12-17T01:46:22.224+0000][29206.818s] GC(12) Humongous regions: 4->4
[2022-12-17T01:46:22.224+0000][29206.818s] GC(12) Metaspace: 53717K(54208K)->53717K(54208K) NonClass: 47401K(47680K)->47401K(47680K) Class: 6315K(6528K)->6315K(6528K)
[2022-12-17T01:46:22.224+0000][29206.818s] GC(12) Pause Young (Normal) (G1 Evacuation Pause) 330M->42M(512M) 8.497ms
[2022-12-17T01:46:22.224+0000][29206.818s] GC(12) User=0.05s Sys=0.01s Real=0.01s
[2022-12-17T04:04:30.293+0000][37494.888s] GC(13) Pause Young (Normal) (G1 Evacuation Pause)
[2022-12-17T04:04:30.293+0000][37494.888s] GC(13) Using 10 workers of 10 for evacuation
[2022-12-17T04:04:30.304+0000][37494.898s] GC(13)   Pre Evacuate Collection Set: 0.1ms
[2022-12-17T04:04:30.304+0000][37494.898s] GC(13)   Merge Heap Roots: 0.1ms
[2022-12-17T04:04:30.304+0000][37494.898s] GC(13)   Evacuate Collection Set: 8.4ms
[2022-12-17T04:04:30.304+0000][37494.898s] GC(13)   Post Evacuate Collection Set: 1.4ms
[2022-12-17T04:04:30.304+0000][37494.898s] GC(13)   Other: 0.2ms
[2022-12-17T04:04:30.304+0000][37494.898s] GC(13) Eden regions: 288->0(288)
[2022-12-17T04:04:30.304+0000][37494.898s] GC(13) Survivor regions: 19->19(39)
[2022-12-17T04:04:30.304+0000][37494.898s] GC(13) Old regions: 19->19
[2022-12-17T04:04:30.304+0000][37494.898s] GC(13) Archive regions: 2->2
[2022-12-17T04:04:30.304+0000][37494.898s] GC(13) Humongous regions: 4->4
[2022-12-17T04:04:30.304+0000][37494.898s] GC(13) Metaspace: 53964K(54400K)->53964K(54400K) NonClass: 47637K(47872K)->47637K(47872K) Class: 6326K(6528K)->6326K(6528K)
[2022-12-17T04:04:30.304+0000][37494.898s] GC(13) Pause Young (Normal) (G1 Evacuation Pause) 330M->42M(512M) 10.421ms
[2022-12-17T04:04:30.304+0000][37494.898s] GC(13) User=0.09s Sys=0.00s Real=0.01s
[2022-12-17T07:19:45.766+0000][49210.360s] GC(14) Pause Young (Normal) (G1 Evacuation Pause)
[2022-12-17T07:19:45.766+0000][49210.361s] GC(14) Using 10 workers of 10 for evacuation
[2022-12-17T07:19:45.776+0000][49210.370s] GC(14)   Pre Evacuate Collection Set: 0.2ms
[2022-12-17T07:19:45.776+0000][49210.370s] GC(14)   Merge Heap Roots: 0.1ms
[2022-12-17T07:19:45.776+0000][49210.370s] GC(14)   Evacuate Collection Set: 7.6ms
[2022-12-17T07:19:45.776+0000][49210.370s] GC(14)   Post Evacuate Collection Set: 1.1ms
[2022-12-17T07:19:45.776+0000][49210.370s] GC(14)   Other: 0.3ms
[2022-12-17T07:19:45.776+0000][49210.370s] GC(14) Eden regions: 288->0(288)
[2022-12-17T07:19:45.776+0000][49210.370s] GC(14) Survivor regions: 19->19(39)
[2022-12-17T07:19:45.776+0000][49210.370s] GC(14) Old regions: 19->19
[2022-12-17T07:19:45.776+0000][49210.370s] GC(14) Archive regions: 2->2
[2022-12-17T07:19:45.776+0000][49210.370s] GC(14) Humongous regions: 4->4
[2022-12-17T07:19:45.776+0000][49210.370s] GC(14) Metaspace: 54090K(54528K)->54090K(54528K) NonClass: 47764K(48000K)->47764K(48000K) Class: 6326K(6528K)->6326K(6528K)
[2022-12-17T07:19:45.776+0000][49210.370s] GC(14) Pause Young (Normal) (G1 Evacuation Pause) 330M->42M(512M) 9.312ms
[2022-12-17T07:19:45.776+0000][49210.370s] GC(14) User=0.07s Sys=0.01s Real=0.01s
[2022-12-17T12:26:02.243+0000][67586.837s] GC(15) Pause Young (Normal) (G1 Evacuation Pause)
[2022-12-17T12:26:02.243+0000][67586.837s] GC(15) Using 10 workers of 10 for evacuation
[2022-12-17T12:26:02.253+0000][67586.847s] GC(15)   Pre Evacuate Collection Set: 0.1ms
[2022-12-17T12:26:02.253+0000][67586.847s] GC(15)   Merge Heap Roots: 0.1ms
[2022-12-17T12:26:02.253+0000][67586.847s] GC(15)   Evacuate Collection Set: 8.0ms
[2022-12-17T12:26:02.253+0000][67586.847s] GC(15)   Post Evacuate Collection Set: 1.4ms
[2022-12-17T12:26:02.253+0000][67586.847s] GC(15)   Other: 0.2ms
[2022-12-17T12:26:02.253+0000][67586.847s] GC(15) Eden regions: 288->0(288)
[2022-12-17T12:26:02.253+0000][67586.847s] GC(15) Survivor regions: 19->19(39)
[2022-12-17T12:26:02.253+0000][67586.847s] GC(15) Old regions: 19->19
[2022-12-17T12:26:02.253+0000][67586.847s] GC(15) Archive regions: 2->2
[2022-12-17T12:26:02.253+0000][67586.847s] GC(15) Humongous regions: 4->4
[2022-12-17T12:26:02.253+0000][67586.847s] GC(15) Metaspace: 54307K(54784K)->54307K(54784K) NonClass: 47964K(48256K)->47964K(48256K) Class: 6342K(6528K)->6342K(6528K)
[2022-12-17T12:26:02.253+0000][67586.847s] GC(15) Pause Young (Normal) (G1 Evacuation Pause) 330M->42M(512M) 9.993ms
[2022-12-17T12:26:02.253+0000][67586.847s] GC(15) User=0.08s Sys=0.00s Real=0.01s
[2022-12-17T12:49:20.270+0000][68984.864s] Heap
[2022-12-17T12:49:20.270+0000][68984.864s]  garbage-first heap   total 524288K, used 59718K [0x00000000e0000000, 0x0000000100000000)
[2022-12-17T12:49:20.270+0000][68984.864s]   region size 1024K, 35 young (35840K), 19 survivors (19456K)
[2022-12-17T12:49:20.270+0000][68984.864s]  Metaspace       used 54462K, committed 54976K, reserved 1097728K
[2022-12-17T12:49:20.270+0000][68984.864s]   class space    used 6367K, committed 6656K, reserved 1048576K
