[2022-12-15T23:03:38.205+0000][0.006s] Heap region size: 1M
[2022-12-15T23:03:38.216+0000][0.017s] Using G1
[2022-12-15T23:03:38.216+0000][0.017s] Heap address: 0x00000000e0000000, size: 512 MB, Compressed Oops mode: 32-bit
[2022-12-15T23:03:38.217+0000][0.017s] Mark closed archive regions in map: [0x00000000ffe00000, 0x00000000ffe65ff8]
[2022-12-15T23:03:38.217+0000][0.017s] Mark open archive regions in map: [0x00000000ffc00000, 0x00000000ffc41ff8]
[2022-12-15T23:03:38.774+0000][0.574s] GC(0) Pause Young (Normal) (G1 Evacuation Pause)
[2022-12-15T23:03:38.774+0000][0.575s] GC(0) Using 10 workers of 10 for evacuation
[2022-12-15T23:03:38.789+0000][0.590s] GC(0)   Pre Evacuate Collection Set: 0.0ms
[2022-12-15T23:03:38.789+0000][0.590s] GC(0)   Evacuate Collection Set: 14.3ms
[2022-12-15T23:03:38.789+0000][0.590s] GC(0)   Post Evacuate Collection Set: 0.5ms
[2022-12-15T23:03:38.789+0000][0.590s] GC(0)   Other: 1.0ms
[2022-12-15T23:03:38.790+0000][0.590s] GC(0) Eden regions: 30->0(303)
[2022-12-15T23:03:38.790+0000][0.590s] GC(0) Survivor regions: 0->4(4)
[2022-12-15T23:03:38.790+0000][0.590s] GC(0) Old regions: 2->2
[2022-12-15T23:03:38.790+0000][0.590s] GC(0) Humongous regions: 0->0
[2022-12-15T23:03:38.790+0000][0.590s] GC(0) Metaspace: 9074K(9856K)->9074K(9856K) NonClass: 7946K(8448K)->7946K(8448K) Class: 1127K(1408K)->1127K(1408K)
[2022-12-15T23:03:38.790+0000][0.590s] GC(0) Pause Young (Normal) (G1 Evacuation Pause) 30M->4M(512M) 15.922ms
[2022-12-15T23:03:38.790+0000][0.590s] GC(0) User=0.13s Sys=0.01s Real=0.02s
[2022-12-15T23:03:39.563+0000][1.363s] GC(1) Pause Young (Concurrent Start) (Metadata GC Threshold)
[2022-12-15T23:03:39.563+0000][1.363s] GC(1) Using 10 workers of 10 for evacuation
[2022-12-15T23:03:39.581+0000][1.381s] GC(1)   Pre Evacuate Collection Set: 0.1ms
[2022-12-15T23:03:39.581+0000][1.381s] GC(1)   Evacuate Collection Set: 17.2ms
[2022-12-15T23:03:39.581+0000][1.381s] GC(1)   Post Evacuate Collection Set: 0.8ms
[2022-12-15T23:03:39.581+0000][1.381s] GC(1)   Other: 0.2ms
[2022-12-15T23:03:39.581+0000][1.381s] GC(1) Eden regions: 86->0(80)
[2022-12-15T23:03:39.581+0000][1.381s] GC(1) Survivor regions: 4->20(39)
[2022-12-15T23:03:39.581+0000][1.381s] GC(1) Old regions: 2->2
[2022-12-15T23:03:39.581+0000][1.381s] GC(1) Humongous regions: 4->4
[2022-12-15T23:03:39.581+0000][1.381s] GC(1) Metaspace: 20386K(21248K)->20386K(21248K) NonClass: 17959K(18432K)->17959K(18432K) Class: 2426K(2816K)->2426K(2816K)
[2022-12-15T23:03:39.581+0000][1.382s] GC(1) Pause Young (Concurrent Start) (Metadata GC Threshold) 94M->24M(512M) 18.379ms
[2022-12-15T23:03:39.581+0000][1.382s] GC(1) User=0.09s Sys=0.01s Real=0.02s
[2022-12-15T23:03:39.581+0000][1.382s] GC(2) Concurrent Cycle
[2022-12-15T23:03:39.581+0000][1.382s] GC(2) Concurrent Clear Claimed Marks
[2022-12-15T23:03:39.581+0000][1.382s] GC(2) Concurrent Clear Claimed Marks 0.056ms
[2022-12-15T23:03:39.581+0000][1.382s] GC(2) Concurrent Scan Root Regions
[2022-12-15T23:03:39.588+0000][1.389s] GC(2) Concurrent Scan Root Regions 6.976ms
[2022-12-15T23:03:39.588+0000][1.389s] GC(2) Concurrent Mark (1.389s)
[2022-12-15T23:03:39.588+0000][1.389s] GC(2) Concurrent Mark From Roots
[2022-12-15T23:03:39.588+0000][1.389s] GC(2) Using 3 workers of 3 for marking
[2022-12-15T23:03:39.591+0000][1.392s] GC(2) Concurrent Mark From Roots 3.193ms
[2022-12-15T23:03:39.591+0000][1.392s] GC(2) Concurrent Preclean
[2022-12-15T23:03:39.591+0000][1.392s] GC(2) Concurrent Preclean 0.064ms
[2022-12-15T23:03:39.591+0000][1.392s] GC(2) Concurrent Mark (1.389s, 1.392s) 3.292ms
[2022-12-15T23:03:39.592+0000][1.392s] GC(2) Pause Remark
[2022-12-15T23:03:39.593+0000][1.394s] GC(2) Cleaned string and symbol table, strings: 8886 processed, 0 removed, symbols: 60427 processed, 41 removed
[2022-12-15T23:03:39.594+0000][1.394s] GC(2) Pause Remark 25M->25M(512M) 1.931ms
[2022-12-15T23:03:39.594+0000][1.394s] GC(2) User=0.01s Sys=0.00s Real=0.00s
[2022-12-15T23:03:39.594+0000][1.394s] GC(2) Concurrent Rebuild Remembered Sets
[2022-12-15T23:03:39.597+0000][1.397s] GC(2) Concurrent Rebuild Remembered Sets 3.119ms
[2022-12-15T23:03:39.597+0000][1.397s] GC(2) Pause Cleanup
[2022-12-15T23:03:39.597+0000][1.397s] GC(2) Pause Cleanup 25M->25M(512M) 0.132ms
[2022-12-15T23:03:39.597+0000][1.397s] GC(2) User=0.00s Sys=0.00s Real=0.00s
[2022-12-15T23:03:39.597+0000][1.397s] GC(2) Concurrent Cleanup for Next Mark
[2022-12-15T23:03:39.597+0000][1.398s] GC(2) Concurrent Cleanup for Next Mark 0.436ms
[2022-12-15T23:03:39.597+0000][1.398s] GC(2) Concurrent Cycle 16.311ms
[2022-12-15T23:03:40.374+0000][2.174s] GC(3) Pause Young (Normal) (G1 Evacuation Pause)
[2022-12-15T23:03:40.374+0000][2.174s] GC(3) Using 10 workers of 10 for evacuation
[2022-12-15T23:03:40.386+0000][2.187s] GC(3)   Pre Evacuate Collection Set: 0.0ms
[2022-12-15T23:03:40.386+0000][2.187s] GC(3)   Evacuate Collection Set: 11.8ms
[2022-12-15T23:03:40.386+0000][2.187s] GC(3)   Post Evacuate Collection Set: 0.6ms
[2022-12-15T23:03:40.386+0000][2.187s] GC(3)   Other: 0.1ms
[2022-12-15T23:03:40.386+0000][2.187s] GC(3) Eden regions: 67->0(106)
[2022-12-15T23:03:40.386+0000][2.187s] GC(3) Survivor regions: 20->5(11)
[2022-12-15T23:03:40.386+0000][2.187s] GC(3) Old regions: 2->21
[2022-12-15T23:03:40.386+0000][2.187s] GC(3) Humongous regions: 4->4
[2022-12-15T23:03:40.387+0000][2.187s] GC(3) Metaspace: 27894K(29056K)->27894K(29056K) NonClass: 24560K(25344K)->24560K(25344K) Class: 3333K(3712K)->3333K(3712K)
[2022-12-15T23:03:40.387+0000][2.187s] GC(3) Pause Young (Normal) (G1 Evacuation Pause) 91M->27M(512M) 12.613ms
[2022-12-15T23:03:40.387+0000][2.187s] GC(3) User=0.11s Sys=0.03s Real=0.02s
[2022-12-15T23:03:45.389+0000][7.190s] Heap
[2022-12-15T23:03:45.389+0000][7.190s]  garbage-first heap   total 524288K, used 79625K [0x00000000e0000000, 0x0000000100000000)
[2022-12-15T23:03:45.389+0000][7.190s]   region size 1024K, 57 young (58368K), 5 survivors (5120K)
[2022-12-15T23:03:45.389+0000][7.190s]  Metaspace       used 32977K, capacity 33973K, committed 34176K, reserved 1079296K
[2022-12-15T23:03:45.389+0000][7.190s]   class space    used 3964K, capacity 4371K, committed 4480K, reserved 1048576K
